bash: warning: setlocale: LC_ALL: cannot change locale (en_US.UTF-8)
Importing module 'gym_38' (/workspace/isaacgym_pkg/isaacgym/python/isaacgym/_bindings/linux-x86_64/gym_38.so)
Setting GYM_USD_PLUG_INFO_PATH to /workspace/isaacgym_pkg/isaacgym/python/isaacgym/_bindings/linux-x86_64/usd/plugInfo.json
PyTorch version 2.4.1+cu121
Device count 1
/workspace/isaacgym_pkg/isaacgym/python/isaacgym/_bindings/src/gymtorch
Gym has been unmaintained since 2022 and does not support NumPy 2.0 amongst other critical functionality.
Please upgrade to Gymnasium, the maintained drop-in replacement of Gym, or contact the authors of your software and request that they upgrade.
See the migration guide at https://gymnasium.farama.org/introduction/migration_guide/ for additional information.
Using /root/.cache/torch_extensions/py38_cu121 as PyTorch extensions root...
Emitting ninja build file /root/.cache/torch_extensions/py38_cu121/gymtorch/build.ninja...
Building extension module gymtorch...
Allowing ninja to set a default number of workers... (overridable by setting the environment variable MAX_JOBS=N)
ninja: no work to do.
Loading extension module gymtorch...
train.py:117: UserWarning: 
The version_base parameter is not specified.
Please specify a compatability version level, or None.
Will assume defaults for version 1.1
  @hydra.main(config_name="config", config_path="./cfg")
/workspace/dextrack-venv/lib/python3.8/site-packages/hydra/_internal/defaults_list.py:251: UserWarning: In 'config': Defaults list is missing `_self_`. See https://hydra.cc/docs/1.2/upgrades/1.0_to_1.1/default_composition_order for more information
  warnings.warn(msg, UserWarning)
/workspace/dextrack-venv/lib/python3.8/site-packages/hydra/_internal/defaults_list.py:415: UserWarning: In config: Invalid overriding of hydra/job_logging:
Default list overrides requires 'override' keyword.
See https://hydra.cc/docs/1.2/upgrades/1.0_to_1.1/defaults_list_override for more information.

  deprecation_warning(msg)
task: 
    name: AllegroHandTrackingGeneralist
    physics_engine: physx
    env: 
        env_name: AllegroHandTrackingGeneralist
        grab_inst_tag_to_opt_stat_fn: /cephfs/xueyi/uni_manip/isaacgym_rl_exp_grab/statistics/obj_type_to_optimized_res.npy
        grab_inst_tag_to_optimized_res_fn: 
        taco_inst_tag_to_optimized_res_fn: 
        object_type_to_latent_feature_fn: ../assets/obj_type_to_obj_feat.npy
        inst_tag_to_latent_feature_fn: ../assets/inst_tag_to_obj_feat.npy
        add_global_movements: False
        add_global_movements_af_step: 369
        schedule_episod_length: False
        episod_length_low: 270
        episod_length_high: 500
        episod_length_warming_up_steps: 130
        episod_length_increasing_steps: 200
        use_actual_traj_length: False
        randomize_reset_frame: False
        add_forece_obs: False
        teacher_model_w_vel_obs: False
        load_chunking_experiences_v2: False
        history_chunking_obs_version: v1
        switch_between_models: False
        switch_to_trans_model_frame_after: 310
        switch_to_trans_model_ckpt_fn: 
        hand_glb_mult_scaling_progress_before: 900
        forecasting_obs_with_original_obs: False
        use_multi_step_control: False
        nn_control_substeps: 10
        add_global_motion_penalty: False
        add_torque_penalty: False
        add_work_penalty: False
        schedule_glb_action_penalty: False
        glb_penalty_low: 0.0003
        glb_penalty_high: 1.0
        glb_penalty_warming_up_steps: 50
        glb_penalty_increasing_steps: 300
        add_hand_targets_smooth: False
        hand_targets_smooth_coef: 0.4
        action_chunking_skip_frames: 1
        multi_inst_chunking: False
        add_obj_features: False
        kine_ed_tag: .npy
        only_rot_axis_guidance: False
        multi_traj_use_joint_order_in_sim: False
        preset_multi_traj_index: -1
        preload_action_targets_fn: 
        preload_action_target_env_idx: 0
        preload_action_start_frame: 190
        use_no_obj_pose: False
        use_actual_prev_targets_in_obs: False
        test_inst_base_traj_tag: 
        distinguish_kine_with_base_traj: False
        more_allegro_stiffness: False
        train_free_hand: False
        tune_hand_pd: False
        simreal_modeling: False
        action_chunking: False
        action_chunking_frames: 1
        distill_via_bc: False
        distill_full_to_partial: False
        bc_style_training: False
        bc_relative_targets: False
        add_physical_params_in_obs: False
        whether_randomize_obs_act: True
        whether_randomize_obs: True
        whether_randomize_act: True
        obs_rand_noise_scale: 100.0
        w_rotation_axis_rew: False
        compute_rot_axis_rew_threshold: 120
        use_vision_obs: False
        reset_obj_mass: False
        obj_mass_reset: 0.27
        recompute_inertia: False
        use_v2_leap_warm_urdf: False
        hand_specific_randomizations: False
        action_specific_randomizations: False
        action_specific_rand_noise_scale: 0.5
        w_traj_modifications: False
        obs_simplified: False
        randomize_obj_init_pos: False
        randomize_obs_more: False
        obj_init_pos_rand_sigma: 0.1
        estimate_vels: False
        train_student_model: False
        ts_teacher_model_obs_dim: 731
        arm_stiffness: 400.0
        arm_effort: 200.0
        arm_damping: 80.0
        closed_loop_to_real: False
        wo_fingertip_pos: False
        wo_fingertip_rot_vel: False
        wo_fingertip_vel: False
        not_use_kine_bias: False
        disable_hand_obj_contact: False
        wo_hand_obj_contact: False
        hand_glb_mult_factor_scaling_coef: 1.0
        hand_glb_mult_scaling_progress_after: 900
        schedule_ornt_rew_coef: False
        lowest_ornt_rew_coef: 0.03
        highest_ornt_rew_coef: 2.0
        ornt_rew_coef_warm_starting_steps: 10
        ornt_rew_coef_increasing_steps: 200
        schedule_hodist_rew_coef: False
        lowest_rew_finger_obj_dist_coef: 0.1
        highest_rew_finger_obj_dist_coef: 0.5
        hodist_rew_coef_warm_starting_steps: 100
        hodist_rew_coef_increasing_steps: 300
        load_kine_info_retar_with_arm: False
        kine_info_with_arm_sv_root: 
        w_finger_pos_rew: False
        hand_qpos_rew_coef: 0.0
        control_arm_via_ik: False
        warm_trans_actions_mult_coef: 0.04
        warm_rot_actions_mult_coef: 0.04
        franka_delta_delta_mult_coef: 1.0
        single_inst_tag: 
        activate_forecaster: True
        open_loop_test: False
        use_multiple_kine_source_trajs: False
        multiple_kine_source_trajs_fn: 
        compute_hand_rew_buf_threshold: 500
        comput_reward_traj_hand_qpos: True
        use_future_ref_as_obs_goal: True
        forecasting_model_inv_freq: 1
        forecast_obj_pos: False
        history_window_size: 60
        glb_feat_per_skip: 1
        centralize_info: False
        forecast_future_freq: 1
        include_obj_rot_in_obs: False
        st_ed_state_cond: False
        use_clip_glb_features: False
        only_use_hand_first_frame: False
        partial_hand_info: False
        partial_obj_info: False
        partial_obj_pos_info: False
        hist_cond_partial_hand_info: False
        hist_cond_partial_obj_info: False
        hist_cond_partial_obj_pos_info: False
        preset_cond_type: 0
        preset_inv_cond_freq: 1
        randomize_conditions: False
        randomize_condition_type: 
        add_contact_conditions: False
        contact_info_sv_root: /cephfs/xueyi/data/GRAB_Tracking_PK_reduced_300_contactflag
        random_shift_cond: False
        random_shift_cond_freq: False
        maxx_inv_cond_freq: 30
        masked_mimic_training: False
        w_history_window_index: True
        use_future_obs: False
        history_freq: 5
        net_type: v4
        w_obj_latent_features: True
        w_inst_latent_features: False
        impedance_stiffness_low: 1.0
        impedance_stiffness_high: 50.0
        w_impedance_bias_control: False
        stiffness_coef: 100.0
        damping_coef: 4.0
        effort_coef: 0.95
        use_forcasting_model: False
        forcasting_model_weights: 
        forcasting_model_n_layers: 7
        w_glb_traj_feat_cond: False
        forcasting_history_ws: 30
        sv_info_during_training: False
        forcasting_model_training: False
        forcasting_model_lr: 0.0001
        forcasting_model_weight_decay: 5e-05
        forcasting_diffusion_model: False
        use_partial_to_complete_model: False
        partial_to_complete_model_weights: 
        wo_vel_obs: False
        w_franka: False
        good_inst_opt_res: 
        early_terminate: False
        use_window_future_selection: False
        use_history_obs: False
        history_length: 5
        forcasting_inv_freq: 1
        use_teacher_model: False
        teacher_model_inst_tags_fn: 
        teacher_index_to_inst_tags: 
        downsample: False
        target_inst_tag_list_fn: 
        customize_damping: True
        customize_global_damping: False
        train_on_all_trajs: True
        base_traj: 
        obj_type_to_base_traj_fn: 
        use_base_traj: False
        use_strict_maxx_nn_ts: True
        strict_maxx_nn_ts: 300
        taco_interped_data_sv_additional_tag: interpfr_60_interpfr2_60_nntrans_40
        grab_obj_type_to_opt_res_fn: 
        taco_obj_type_to_opt_res_fn: 
        only_training_on_succ_samples: False
        rew_smoothness_coef: 0.0
        rew_grab_thres: 100.0
        rew_taco_thres: 50.0
        data_selection_ratio: 1.0
        rew_thres_with_selected_insts: False
        selected_inst_idxes_dict: 
        grab_train_test_setting: True
        maxx_inst_nn: 1
        use_local_canonical_state: True
        object_feat_dim: 256
        tracking_save_info_fn: ./data/GRAB_Tracking_PK_reduced_300/data
        tracking_info_st_tag: passive_active_info_
        use_hand_actions_rew: False
        supervised_training: True
        test_subj_nm: 
        test_inst_tag: ori_grab_s2_cubesmall_inspect_1_nf_300
        test_optimized_res: 
        single_instance_state_based_test: False
        single_instance_state_based_train: True
        sampleds_with_object_code_fn: 
        numEnvs: 1024
        envSpacing: 1.5
        episodeLength: 1000
        enableDebugVis: False
        aggregateMode: 1
        hand_type: allegro
        test: False
        start_frame: 0
        separate_stages: False
        use_fingertips: True
        ground_distance: 0.0
        disable_obj_gravity: False
        right_hand_dist_thres: 0.12
        add_table: False
        table_z_dim: 0.5
        glb_trans_vel_scale: 0.5
        glb_rot_vel_scale: 0.5
        pre_optimized_traj: 
        use_twostage_rew: False
        use_real_twostage_rew: False
        start_grasping_fr: False
        lifting_separate_stages: False
        strict_lifting_separate_stages: False
        hand_pose_guidance_glb_trans_coef: 0.6
        hand_pose_guidance_glb_rot_coef: 0.1
        hand_pose_guidance_fingerpose_coef: 0.1
        use_kinematics_bias: True
        use_kinematics_bias_wdelta: True
        goal_dist_thres: 0.0
        use_taco_obj_traj: True
        rew_finger_obj_dist_coef: 0.3
        rew_delta_hand_pose_coef: 0.5
        rew_obj_pose_coef: 1.0
        tight_obs: False
        use_canonical_state: False
        use_unified_canonical_state: False
        rigid_obj_density: 500.0
        kinematics_only: False
        w_obj_ornt: False
        w_obj_vels: False
        mocap_sv_info_fn: ./data/GRAB_Tracking_PK_reduced_300/data/passive_active_info_ori_grab_s2_cubesmall_inspect_1_nf_300.npy
        object_name: ori_grab_s2_cubesmall_inspect_1_nf_300
        exp_logging_dir: 
        random_prior: True
        random_time: True
        repose_z: False
        goal_cond: False
        object_code_dict: 
            sem/Headphone: [1]
        stiffnessScale: 1.0
        forceLimitScale: 1.0
        useRelativeControl: True
        dofSpeedScale: 20.0
        actionsMovingAverage: 1.0
        controlFrequencyInv: 1
        startPositionNoise: 0.0
        startRotationNoise: 0.0
        resetPositionNoise: 0.0
        resetRotationNoise: 0.0
        resetDofPosRandomInterval: 0.0
        resetDofVelRandomInterval: 0.0
        distRewardScale: 20
        transition_scale: 0.5
        orientation_scale: 0.1
        rotRewardScale: 1.0
        rotEps: 0.1
        actionPenaltyScale: -0.0002
        reachGoalBonus: 250
        fallDistance: 0.4
        fallPenalty: 0.0
        objectType: pot
        observationType: pure_state_wref_wdelta
        handAgentIndex: [[0, 1, 2, 3, 4, 5]]
        asymmetric_observations: False
        successTolerance: 0.1
        printNumSuccesses: False
        maxConsecutiveSuccesses: 0
        asset: 
            assetRoot: ../assets
            assetFileName: mjcf/open_ai_assets/hand/shadow_hand.xml
            assetFileNameBlock: urdf/objects/cube_multicolor.urdf
            assetFileNameBall: urdf/objects/ball.urdf
            assetFileNameEgg: mjcf/open_ai_assets/hand/egg.xml
            assetFileNamePen: mjcf/open_ai_assets/hand/pen.xml
        vision: 
            color: 
                hand: [0.5, 0.5, 0.5]
                object: [1.0, 0.2, 0.2]
                goal: [0.5, 1.0, 0.35]
            pointclouds: 
                numPresample: 65536
                numDownsample: 1024
                numEachPoint: 6
            camera: 
                eye: [[0.0, 0.0, 0.55], [0.5, 0.0, 0.05], [-0.5, 0.0, 0.05], [0.0, 0.5, 0.05], [0.0, -0.5, 0.05]]
                lookat: [[0.01, 0.0, 0.05], [0.0, 0.0, 0.05], [0.0, 0.0, 0.05], [0.0, 0.0, 0.05], [0.0, 0.0, 0.05]]
            probe: 
                num_probes: 0
                width: 256
                height: 256
                eye: [[1.6, 0.0, 2.5]]
                forward: [[-0.8, 0.0, -2.0]]
            bar: 
                x_n: -1
                x_p: 1
                y_n: -1
                y_p: 1
                z_n: 0.51
                z_p: 1.3
                depth: 1.2
    task: 
        randomize: False
        rand_obj_mass_lowest_range: 0.5
        rand_obj_mass_highest_range: 1.5
        randomization_params: 
            frequency: 1000
            observations: 
                range: [0, 0.002]
                range_correlated: [0, 0.001]
                operation: additive
                distribution: gaussian
                schedule: linear
                schedule_steps: 40000
            actions: 
                range: [0.0, 0.05]
                range_correlated: [0, 0.015]
                operation: additive
                distribution: gaussian
                schedule: linear
                schedule_steps: 40000
            sim_params: 
                gravity: 
                    range: [0, 0.4]
                    operation: additive
                    distribution: gaussian
                    schedule: linear
                    schedule_steps: 40000
            actor_params: 
                hand: 
                    color: False
                    dof_properties: 
                        damping: 
                            range: [0.3, 3.0]
                            operation: scaling
                            distribution: loguniform
                            schedule: linear
                            schedule_steps: 30000
                        stiffness: 
                            range: [0.75, 1.5]
                            operation: scaling
                            distribution: loguniform
                            schedule: linear
                            schedule_steps: 30000
                        lower: 
                            range: [0, 0.01]
                            operation: additive
                            distribution: gaussian
                            schedule: linear
                            schedule_steps: 30000
                        upper: 
                            range: [0, 0.01]
                            operation: additive
                            distribution: gaussian
                            schedule: linear
                            schedule_steps: 30000
                    rigid_body_properties: 
                        mass: 
                            range: [0.5, 1.5]
                            operation: scaling
                            distribution: uniform
                            schedule: linear
                            schedule_steps: 30000
                    rigid_shape_properties: 
                        friction: 
                            num_buckets: 250
                            range: [0.7, 1.3]
                            operation: scaling
                            distribution: uniform
                            schedule: linear
                            schedule_steps: 30000
                object: 
                    rigid_body_properties: 
                        mass: 
                            range: [0.5, 1.5]
                            operation: scaling
                            distribution: uniform
                            schedule: linear
                            schedule_steps: 30000
                    rigid_shape_properties: 
                        friction: 
                            num_buckets: 250
                            range: [0.7, 1.3]
                            operation: scaling
                            distribution: uniform
                            schedule: linear
                            schedule_steps: 30000
    sim: 
        dt: 0.0166
        substeps: 2
        use_gpu_pipeline: True
        up_axis: z
        gravity: [0.0, 0.0, -9.81]
        physx: 
            num_threads: 4
            solver_type: 1
            num_position_iterations: 8
            num_velocity_iterations: 0
            contact_offset: 0.002
            rest_offset: 0.0
            bounce_threshold_velocity: 0.2
            max_depenetration_velocity: 1000.0
            default_buffer_size_multiplier: 5.0
        flex: 
            num_outer_iterations: 5
            num_inner_iterations: 20
            warm_start: 0.8
            relaxation: 0.75
    test: False
train: 
    params: 
        seed: 42
        algo: 
            name: a2c_continuous_supervised
        model: 
            name: continuous_a2c_logstd
        network: 
            name: actor_critic
            separate: False
            space: 
                continuous: 
                    mu_activation: None
                    sigma_activation: None
                    mu_init: 
                        name: default
                    sigma_init: 
                        name: const_initializer
                        val: 0
                    fixed_sigma: True
            mlp: 
                units: [1024, 512, 256, 128]
                activation: elu
                d2rl: False
                initializer: 
                    name: default
                regularizer: 
                    name: None
        load_checkpoint: True
        load_path: /workspace/DexTrack/isaacgymenvs/ckpts/s2_cubesmall_inspect_ckpt.pth
        config: 
            forecasting_obs_with_original_obs: False
            test_inst_tag: ori_grab_s2_cubesmall_inspect_1_nf_300
            add_obj_features: False
            traj_idx_to_experience_sv_folder: 
            history_chunking_obs_version: v1
            load_chunking_experiences_from_real: False
            use_transformer_model: False
            switch_between_models: False
            switch_to_trans_model_frame_after: 310
            switch_to_trans_model_ckpt_fn: 
            history_length: 5
            target_inst_tag_list_fn: 
            teacher_subj_idx: 2
            action_chunking: False
            action_chunking_frames: 1
            bc_relative_targets: False
            action_chunking_skip_frames: 1
            distill_via_bc: False
            load_chunking_experiences_v2: False
            save_experiences_via_ts: False
            simreal_modeling: False
            demonstration_tuning_model: False
            demonstration_tuning_model_freq: 1
            distill_delta_targets: False
            record_for_distill_to_ctlv2: False
            preload_all_saved_exp_buffers: False
            load_experiences_maxx_ts: 600
            bc_style_training: False
            use_no_obj_pose: False
            train_student_model: False
            ts_teacher_model_obs_dim: 731
            ts_teacher_model_weights_fn: 
            dagger_style_training: False
            rollout_student_model: True
            rollout_teacher_model: False
            masked_mimic_training: False
            masked_mimic_teacher_model_path: 
            maxx_inst_nn: 1
            use_world_model: False
            train_controller: False
            train_forecasting_model: False
            forecasting_model_weight_fn: 
            forecasting_obs_dim: 797
            forecasting_act_dim: 29
            forecasting_nn_frames: 10
            w_franka: False
            use_teacher_model: False
            teacher_model_path: 
            teacher_index_to_weights: 
            grab_obj_type_to_opt_res_fn: 
            taco_obj_type_to_opt_res_fn: 
            supervised_loss_coef: 0.0
            pure_supervised_training: False
            single_instance_tag: 
            obj_type_to_optimized_res_fn: 
            train_dir: ./logs/dense_cube_w1000_sdf
            log_path: ./logs/dense_cube_w1000_sdf
            training_mode: regular
            record_experiences: False
            name: tracking_ori_grab_s2_cubesmall_inspect_1_nf_300_obs_pure_state_wref_wdelta_density_500.0_trans_0.5_rot_0.5_goalcond_False_
            preload_experiences_tf: False
            preload_experiences_path: 
            single_instance_training: True
            single_instance_state_based_train: False
            full_experiment_name: tracking_ori_grab_s2_cubesmall_inspect_1_nf_300_obs_pure_state_wref_wdelta_density_500.0_trans_0.5_rot_0.5_goalcond_False_
            env_name: rlgpu
            multi_gpu: False
            mixed_precision: True
            normalize_input: True
            normalize_value: True
            value_bootstrap: True
            num_actors: 1024
            reward_shaper: 
                scale_value: 0.01
            normalize_advantage: True
            gamma: 0.99
            tau: 0.95
            learning_rate: 0.0005
            lr_schedule: adaptive
            kl_threshold: 0.008
            score_to_win: 20000
            max_epochs: 474
            save_best_after: 50
            save_frequency: 200
            print_stats: True
            grad_norm: 1.0
            entropy_coef: 0.0
            truncate_grads: True
            ppo: True
            e_clip: 0.2
            horizon_length: 32
            minibatch_size: 1024
            mini_epochs: 5
            critic_coef: 4
            clip_value: True
            seq_len: 4
            bounds_loss_coef: 0.0
pbt: 
    enabled: False
task_name: AllegroHandTrackingGeneralist
experiment: 
num_envs: 
seed: 42
torch_deterministic: False
max_iterations: 
enableCameraSensors: False
physics_engine: physx
pipeline: gpu
sim_device: cuda:0
rl_device: cuda:0
graphics_device_id: -1
num_threads: 4
solver_type: 1
num_subscenes: 4
test: False
checkpoint: /workspace/DexTrack/isaacgymenvs/ckpts/s2_cubesmall_inspect_ckpt.pth
sigma: 
multi_gpu: False
wandb_activate: False
wandb_group: 
wandb_name: tracking_ori_grab_s2_cubesmall_inspect_1_nf_300_obs_pure_state_wref_wdelta_density_500.0_trans_0.5_rot_0.5_goalcond_False_
wandb_entity: 
wandb_project: isaacgymenvs
wandb_tags: []
wandb_logcode_dir: 
capture_video: False
capture_video_freq: 1464
capture_video_len: 300
force_render: False
render_mode: ansi
exp_dir: .
tag: tracking_ori_grab_s2_cubesmall_inspect_1_nf_300
headless: True
two_hands: True
scaled_object_asset_file: arctic_microwave_wcollision.urdf
gt_data_fn: /home/xueyi/diffsim/Control-VAE/ReferenceData/shadow_arctic_s06_microwave_data_v3_opt2.npy
Setting seed: 42
Using rl_device: cuda:0
Using sim_device: cuda:0
{'forecasting_obs_with_original_obs': False, 'test_inst_tag': 'ori_grab_s2_cubesmall_inspect_1_nf_300', 'add_obj_features': False, 'traj_idx_to_experience_sv_folder': '', 'history_chunking_obs_version': 'v1', 'load_chunking_experiences_from_real': False, 'use_transformer_model': False, 'switch_between_models': False, 'switch_to_trans_model_frame_after': 310, 'switch_to_trans_model_ckpt_fn': '', 'history_length': 5, 'target_inst_tag_list_fn': '', 'teacher_subj_idx': 2, 'action_chunking': False, 'action_chunking_frames': 1, 'bc_relative_targets': False, 'action_chunking_skip_frames': 1, 'distill_via_bc': False, 'load_chunking_experiences_v2': False, 'save_experiences_via_ts': False, 'simreal_modeling': False, 'demonstration_tuning_model': False, 'demonstration_tuning_model_freq': 1, 'distill_delta_targets': False, 'record_for_distill_to_ctlv2': False, 'preload_all_saved_exp_buffers': False, 'load_experiences_maxx_ts': 600, 'bc_style_training': False, 'use_no_obj_pose': False, 'train_student_model': False, 'ts_teacher_model_obs_dim': 731, 'ts_teacher_model_weights_fn': '', 'dagger_style_training': False, 'rollout_student_model': True, 'rollout_teacher_model': False, 'masked_mimic_training': False, 'masked_mimic_teacher_model_path': '', 'maxx_inst_nn': 1, 'use_world_model': False, 'train_controller': False, 'train_forecasting_model': False, 'forecasting_model_weight_fn': '', 'forecasting_obs_dim': 797, 'forecasting_act_dim': 29, 'forecasting_nn_frames': 10, 'w_franka': False, 'use_teacher_model': False, 'teacher_model_path': '', 'teacher_index_to_weights': '', 'grab_obj_type_to_opt_res_fn': '', 'taco_obj_type_to_opt_res_fn': '', 'supervised_loss_coef': 0.0, 'pure_supervised_training': False, 'single_instance_tag': '', 'obj_type_to_optimized_res_fn': '', 'train_dir': './logs/dense_cube_w1000_sdf', 'log_path': './logs/dense_cube_w1000_sdf', 'training_mode': 'regular', 'record_experiences': False, 'name': 'tracking_ori_grab_s2_cubesmall_inspect_1_nf_300_obs_pure_state_wref_wdelta_density_500.0_trans_0.5_rot_0.5_goalcond_False_', 'preload_experiences_tf': False, 'preload_experiences_path': '', 'single_instance_training': True, 'single_instance_state_based_train': False, 'full_experiment_name': None, 'env_name': 'rlgpu', 'multi_gpu': False, 'mixed_precision': True, 'normalize_input': True, 'normalize_value': True, 'value_bootstrap': True, 'num_actors': 1024, 'reward_shaper': {'scale_value': 0.01}, 'normalize_advantage': True, 'gamma': 0.99, 'tau': 0.95, 'learning_rate': 0.0005, 'lr_schedule': 'adaptive', 'kl_threshold': 0.008, 'score_to_win': 20000, 'max_epochs': 474, 'save_best_after': 50, 'save_frequency': 200, 'print_stats': True, 'grad_norm': 1.0, 'entropy_coef': 0.0, 'truncate_grads': True, 'ppo': True, 'e_clip': 0.2, 'horizon_length': 32, 'minibatch_size': 1024, 'mini_epochs': 5, 'critic_coef': 4, 'clip_value': True, 'seq_len': 4, 'bounds_loss_coef': 0.0, 'device': 'cuda:0', 'population_based_training': False, 'pbt_idx': None}
self.seed = 42
Started to train
Averaging factor:  0.01
right_hand_dist_thres: 0.12
[INFO] train_student_model: False
grab_inst_tag_to_optimized_res_fn: ['']
tracking_save_info_fn: ./data/GRAB_Tracking_PK_reduced_300/data
Get all grab tags with grab_inst_tags: 1269
grab_inst_tag_to_opt_res: 1071
Loaded inst_tag_to_optimized_res with number of total instances 1071
test_inst_tag: ori_grab_s2_cubesmall_inspect_1_nf_300, test_optimized_res: 
[Debug] Loading ('ori_grab_s10_cup_drink_2_nf_300', 'ori_grab_s10_cup_drink_2_nf_300')
[Debug] Loading ('ori_grab_s10_airplane_fly_1_nf_300', 'ori_grab_s10_airplane_fly_1_nf_300')
[Debug] Loading ('ori_grab_s10_cup_drink_1_nf_300', 'ori_grab_s10_cup_drink_1_nf_300')
[Debug] Loading ('ori_grab_s10_airplane_lift_nf_300', 'ori_grab_s10_airplane_lift_nf_300')
[Debug] Loading ('ori_grab_s10_cup_lift_nf_300', 'ori_grab_s10_cup_lift_nf_300')
[Debug] Loading ('ori_grab_s10_airplane_pass_1_nf_300', 'ori_grab_s10_airplane_pass_1_nf_300')
[Debug] Loading ('ori_grab_s10_cubelarge_lift_nf_300', 'ori_grab_s10_cubelarge_lift_nf_300')
[Debug] Loading ('ori_grab_s10_alarmclock_lift_Retake_nf_300', 'ori_grab_s10_alarmclock_lift_Retake_nf_300')
[Debug] Loading ('ori_grab_s10_cubelarge_inspect_1_nf_300', 'ori_grab_s10_cubelarge_inspect_1_nf_300')
[Debug] Loading ('ori_grab_s10_alarmclock_pass_1_nf_300', 'ori_grab_s10_alarmclock_pass_1_nf_300')
[Debug] Loading ('ori_grab_s10_cup_pass_1_nf_300', 'ori_grab_s10_cup_pass_1_nf_300')
[Debug] Loading ('ori_grab_s10_alarmclock_see_1_nf_300', 'ori_grab_s10_alarmclock_see_1_nf_300')
[Debug] Loading ('ori_grab_s10_cup_pour_1_nf_300', 'ori_grab_s10_cup_pour_1_nf_300')
[Debug] Loading ('ori_grab_s10_apple_eat_1_nf_300', 'ori_grab_s10_apple_eat_1_nf_300')
[Debug] Loading ('ori_grab_s10_cylinderlarge_lift_nf_300', 'ori_grab_s10_cylinderlarge_lift_nf_300')
[Debug] Loading ('ori_grab_s10_apple_pass_1_nf_300', 'ori_grab_s10_apple_pass_1_nf_300')
[Debug] Loading ('ori_grab_s10_cylinderlarge_inspect_1_nf_300', 'ori_grab_s10_cylinderlarge_inspect_1_nf_300')
[Debug] Loading ('ori_grab_s10_banana_eat_1_nf_300', 'ori_grab_s10_banana_eat_1_nf_300')
[Debug] Loading ('ori_grab_s10_cylindermedium_inspect_1_nf_300', 'ori_grab_s10_cylindermedium_inspect_1_nf_300')
[Debug] Loading ('ori_grab_s10_banana_lift_nf_300', 'ori_grab_s10_banana_lift_nf_300')
[Debug] Loading ('ori_grab_s10_cylindermedium_pass_1_nf_300', 'ori_grab_s10_cylindermedium_pass_1_nf_300')
[Debug] Loading ('ori_grab_s10_banana_pass_1_nf_300', 'ori_grab_s10_banana_pass_1_nf_300')
[Debug] Loading ('ori_grab_s10_cylindersmall_inspect_1_nf_300', 'ori_grab_s10_cylindersmall_inspect_1_nf_300')
[Debug] Loading ('ori_grab_s10_banana_peel_1_nf_300', 'ori_grab_s10_banana_peel_1_nf_300')
[Debug] Loading ('ori_grab_s10_cylindersmall_pass_1_nf_300', 'ori_grab_s10_cylindersmall_pass_1_nf_300')
[Debug] Loading ('ori_grab_s10_banana_peel_2_nf_300', 'ori_grab_s10_banana_peel_2_nf_300')
[Debug] Loading ('ori_grab_s10_doorknob_use_1_nf_300', 'ori_grab_s10_doorknob_use_1_nf_300')
[Debug] Loading ('ori_grab_s10_binoculars_lift_nf_300', 'ori_grab_s10_binoculars_lift_nf_300')
[Debug] Loading ('ori_grab_s10_cubemedium_inspect_1_nf_300', 'ori_grab_s10_cubemedium_inspect_1_nf_300')
[Debug] Loading ('ori_grab_s10_binoculars_pass_1_nf_300', 'ori_grab_s10_binoculars_pass_1_nf_300')
[Debug] Loading ('ori_grab_s10_doorknob_lift_nf_300', 'ori_grab_s10_doorknob_lift_nf_300')
[Debug] Loading ('ori_grab_s10_binoculars_see_1_nf_300', 'ori_grab_s10_binoculars_see_1_nf_300')
[Debug] Loading ('ori_grab_s10_cubemedium_lift_nf_300', 'ori_grab_s10_cubemedium_lift_nf_300')
[Debug] Loading ('ori_grab_s10_bowl_drink_1_Retake_nf_300', 'ori_grab_s10_bowl_drink_1_Retake_nf_300')
[Debug] Loading ('ori_grab_s10_doorknob_use_2_nf_300', 'ori_grab_s10_doorknob_use_2_nf_300')
[Debug] Loading ('ori_grab_s10_bowl_drink_2_nf_300', 'ori_grab_s10_bowl_drink_2_nf_300')
[Debug] Loading ('ori_grab_s10_duck_pass_1_nf_300', 'ori_grab_s10_duck_pass_1_nf_300')
[Debug] Loading ('ori_grab_s10_bowl_lift_nf_300', 'ori_grab_s10_bowl_lift_nf_300')
[Debug] Loading ('ori_grab_s10_eyeglasses_wear_1_nf_300', 'ori_grab_s10_eyeglasses_wear_1_nf_300')
[Debug] Loading ('ori_grab_s10_camera_browse_1_nf_300', 'ori_grab_s10_camera_browse_1_nf_300')
[Debug] Loading ('ori_grab_s10_elephant_inspect_1_nf_300', 'ori_grab_s10_elephant_inspect_1_nf_300')
[Debug] Loading ('ori_grab_s10_camera_pass_1_nf_300', 'ori_grab_s10_camera_pass_1_nf_300')
[Debug] Loading ('ori_grab_s10_cubemedium_pass_1_nf_300', 'ori_grab_s10_cubemedium_pass_1_nf_300')
[Debug] Loading ('ori_grab_s10_camera_takepicture_1_nf_300', 'ori_grab_s10_camera_takepicture_1_nf_300')
[Debug] Loading ('ori_grab_s10_cubesmall_inspect_1_nf_300', 'ori_grab_s10_cubesmall_inspect_1_nf_300')
[Debug] Loading ('ori_grab_s10_camera_takepicture_2_nf_300', 'ori_grab_s10_camera_takepicture_2_nf_300')
[Debug] Loading ('ori_grab_s10_cubesmall_lift_nf_300', 'ori_grab_s10_cubesmall_lift_nf_300')
[Debug] Loading ('ori_grab_s10_camera_takepicture_3_nf_300', 'ori_grab_s10_camera_takepicture_3_nf_300')
[Debug] Loading ('ori_grab_s10_cubelarge_pass_1_nf_300', 'ori_grab_s10_cubelarge_pass_1_nf_300')
[Debug] Loading ('ori_grab_s10_gamecontroller_lift_nf_300', 'ori_grab_s10_gamecontroller_lift_nf_300')
[Debug] Loading ('ori_grab_s10_cubesmall_pass_1_nf_300', 'ori_grab_s10_cubesmall_pass_1_nf_300')
[Debug] Loading ('ori_grab_s10_flashlight_on_1_nf_300', 'ori_grab_s10_flashlight_on_1_nf_300')
[Debug] Loading ('ori_grab_s10_flashlight_on_2_nf_300', 'ori_grab_s10_flashlight_on_2_nf_300')
[Debug] Loading ('ori_grab_s10_flute_pass_1_nf_300', 'ori_grab_s10_flute_pass_1_nf_300')
[Debug] Loading ('ori_grab_s10_flute_play_1_nf_300', 'ori_grab_s10_flute_play_1_nf_300')
[Debug] Loading ('ori_grab_s10_fryingpan_cook_1_nf_300', 'ori_grab_s10_fryingpan_cook_1_nf_300')
[Debug] Loading ('ori_grab_s10_fryingpan_cook_2_nf_300', 'ori_grab_s10_fryingpan_cook_2_nf_300')
[Debug] Loading ('ori_grab_s10_gamecontroller_pass_1_nf_300', 'ori_grab_s10_gamecontroller_pass_1_nf_300')
[Debug] Loading ('ori_grab_s10_mug_toast_1_nf_300', 'ori_grab_s10_mug_toast_1_nf_300')
[Debug] Loading ('ori_grab_s10_gamecontroller_play_1_nf_300', 'ori_grab_s10_gamecontroller_play_1_nf_300')
[Debug] Loading ('ori_grab_s10_piggybank_pass_1_nf_300', 'ori_grab_s10_piggybank_pass_1_nf_300')
[Debug] Loading ('ori_grab_s10_hammer_lift_nf_300', 'ori_grab_s10_hammer_lift_nf_300')
[Debug] Loading ('ori_grab_s10_piggybank_use_1_nf_300', 'ori_grab_s10_piggybank_use_1_nf_300')
[Debug] Loading ('ori_grab_s10_hammer_use_1_nf_300', 'ori_grab_s10_hammer_use_1_nf_300')
[Debug] Loading ('ori_grab_s10_pyramidlarge_pass_1_nf_300', 'ori_grab_s10_pyramidlarge_pass_1_nf_300')
[Debug] Loading ('ori_grab_s10_hammer_use_2_nf_300', 'ori_grab_s10_hammer_use_2_nf_300')
[Debug] Loading ('ori_grab_s10_pyramidmedium_inspect_1_nf_300', 'ori_grab_s10_pyramidmedium_inspect_1_nf_300')
[Debug] Loading ('ori_grab_s10_hammer_use_3_nf_300', 'ori_grab_s10_hammer_use_3_nf_300')
[Debug] Loading ('ori_grab_s10_pyramidmedium_lift_nf_300', 'ori_grab_s10_pyramidmedium_lift_nf_300')
[Debug] Loading ('ori_grab_s10_hand_inspect_1_nf_300', 'ori_grab_s10_hand_inspect_1_nf_300')
[Debug] Loading ('ori_grab_s10_pyramidmedium_pass_1_nf_300', 'ori_grab_s10_pyramidmedium_pass_1_nf_300')
[Debug] Loading ('ori_grab_s10_hand_lift_nf_300', 'ori_grab_s10_hand_lift_nf_300')
[Debug] Loading ('ori_grab_s10_pyramidsmall_inspect_1_nf_300', 'ori_grab_s10_pyramidsmall_inspect_1_nf_300')
[Debug] Loading ('ori_grab_s10_hand_pass_1_nf_300', 'ori_grab_s10_hand_pass_1_nf_300')
[Debug] Loading ('ori_grab_s10_scissors_pass_1_nf_300', 'ori_grab_s10_scissors_pass_1_nf_300')
[Debug] Loading ('ori_grab_s10_hand_shake_1_nf_300', 'ori_grab_s10_hand_shake_1_nf_300')
[Debug] Loading ('ori_grab_s10_scissors_use_1_nf_300', 'ori_grab_s10_scissors_use_1_nf_300')
[Debug] Loading ('ori_grab_s10_headphones_lift_nf_300', 'ori_grab_s10_headphones_lift_nf_300')
[Debug] Loading ('ori_grab_s10_phone_call_1_nf_300', 'ori_grab_s10_phone_call_1_nf_300')
[Debug] Loading ('ori_grab_s10_headphones_pass_1_nf_300', 'ori_grab_s10_headphones_pass_1_nf_300')
[Debug] Loading ('ori_grab_s10_spherelarge_inspect_1_nf_300', 'ori_grab_s10_spherelarge_inspect_1_nf_300')
[Debug] Loading ('ori_grab_s10_headphones_use_1_nf_300', 'ori_grab_s10_headphones_use_1_nf_300')
[Debug] Loading ('ori_grab_s10_spherelarge_lift_nf_300', 'ori_grab_s10_spherelarge_lift_nf_300')
[Debug] Loading ('ori_grab_s10_knife_chop_1_nf_300', 'ori_grab_s10_knife_chop_1_nf_300')
[Debug] Loading ('ori_grab_s10_spheremedium_inspect_1_nf_300', 'ori_grab_s10_spheremedium_inspect_1_nf_300')
[Debug] Loading ('ori_grab_s10_knife_peel_1_nf_300', 'ori_grab_s10_knife_peel_1_nf_300')
[Debug] Loading ('ori_grab_s10_spheremedium_lift_nf_300', 'ori_grab_s10_spheremedium_lift_nf_300')
[Debug] Loading ('ori_grab_s10_lightbulb_pass_1_nf_300', 'ori_grab_s10_lightbulb_pass_1_nf_300')
[Debug] Loading ('ori_grab_s10_phone_lift_nf_300', 'ori_grab_s10_phone_lift_nf_300')
[Debug] Loading ('ori_grab_s10_lightbulb_screw_1_nf_300', 'ori_grab_s10_lightbulb_screw_1_nf_300')
[Debug] Loading ('ori_grab_s10_spheremedium_pass_1_nf_300', 'ori_grab_s10_spheremedium_pass_1_nf_300')
[Debug] Loading ('ori_grab_s10_mouse_lift_nf_300', 'ori_grab_s10_mouse_lift_nf_300')
[Debug] Loading ('ori_grab_s10_spheresmall_inspect_1_nf_300', 'ori_grab_s10_spheresmall_inspect_1_nf_300')
[Debug] Loading ('ori_grab_s10_mouse_use_1_nf_300', 'ori_grab_s10_mouse_use_1_nf_300')
[Debug] Loading ('ori_grab_s10_spheresmall_pass_1_nf_300', 'ori_grab_s10_spheresmall_pass_1_nf_300')
[Debug] Loading ('ori_grab_s10_mug_drink_1_nf_300', 'ori_grab_s10_mug_drink_1_nf_300')
[Debug] Loading ('ori_grab_s10_stamp_lift_nf_300', 'ori_grab_s10_stamp_lift_nf_300')
[Debug] Loading ('ori_grab_s10_mug_drink_2_nf_300', 'ori_grab_s10_mug_drink_2_nf_300')
[Debug] Loading ('ori_grab_s10_stamp_stamp_1_nf_300', 'ori_grab_s10_stamp_stamp_1_nf_300')
[Debug] Loading ('ori_grab_s10_mug_lift_nf_300', 'ori_grab_s10_mug_lift_nf_300')
[Debug] Loading ('ori_grab_s10_stamp_pass_1_nf_300', 'ori_grab_s10_stamp_pass_1_nf_300')
[Debug] Loading ('ori_grab_s10_mug_pass_1_nf_300', 'ori_grab_s10_mug_pass_1_nf_300')
[Debug] Loading ('ori_grab_s10_stanfordbunny_inspect_1_nf_300', 'ori_grab_s10_stanfordbunny_inspect_1_nf_300')
[Debug] Loading ('ori_grab_s10_stanfordbunny_lift_nf_300', 'ori_grab_s10_stanfordbunny_lift_nf_300')
[Debug] Loading ('ori_grab_s10_stanfordbunny_pass_1_nf_300', 'ori_grab_s10_stanfordbunny_pass_1_nf_300')
[Debug] Loading ('ori_grab_s10_stapler_lift_nf_300', 'ori_grab_s10_stapler_lift_nf_300')
[Debug] Loading ('ori_grab_s10_stapler_pass_1_nf_300', 'ori_grab_s10_stapler_pass_1_nf_300')
[Debug] Loading ('ori_grab_s10_stapler_staple_1_nf_300', 'ori_grab_s10_stapler_staple_1_nf_300')
[Debug] Loading ('ori_grab_s10_stapler_staple_2_nf_300', 'ori_grab_s10_stapler_staple_2_nf_300')
[Debug] Loading ('ori_grab_s10_teapot_pass_1_nf_300', 'ori_grab_s10_teapot_pass_1_nf_300')
[Debug] Loading ('ori_grab_s10_teapot_pour_1_nf_300', 'ori_grab_s10_teapot_pour_1_nf_300')
[Debug] Loading ('ori_grab_s10_teapot_pour_2_nf_300', 'ori_grab_s10_teapot_pour_2_nf_300')
[Debug] Loading ('ori_grab_s10_toothpaste_lift_nf_300', 'ori_grab_s10_toothpaste_lift_nf_300')
[Debug] Loading ('ori_grab_s10_toothpaste_squeeze_1_nf_300', 'ori_grab_s10_toothpaste_squeeze_1_nf_300')
[Debug] Loading ('ori_grab_s10_toothpaste_squeeze_2_nf_300', 'ori_grab_s10_toothpaste_squeeze_2_nf_300')
[Debug] Loading ('ori_grab_s10_toruslarge_inspect_1_nf_300', 'ori_grab_s10_toruslarge_inspect_1_nf_300')
[Debug] Loading ('ori_grab_s10_toruslarge_lift_nf_300', 'ori_grab_s10_toruslarge_lift_nf_300')
[Debug] Loading ('ori_grab_s10_toruslarge_pass_1_nf_300', 'ori_grab_s10_toruslarge_pass_1_nf_300')
[Debug] Loading ('ori_grab_s10_torusmedium_inspect_1_nf_300', 'ori_grab_s10_torusmedium_inspect_1_nf_300')
[Debug] Loading ('ori_grab_s10_torusmedium_lift_nf_300', 'ori_grab_s10_torusmedium_lift_nf_300')
[Debug] Loading ('ori_grab_s10_torussmall_inspect_1_nf_300', 'ori_grab_s10_torussmall_inspect_1_nf_300')
[Debug] Loading ('ori_grab_s10_torussmall_lift_nf_300', 'ori_grab_s10_torussmall_lift_nf_300')
[Debug] Loading ('ori_grab_s10_torussmall_pass_1_nf_300', 'ori_grab_s10_torussmall_pass_1_nf_300')
[Debug] Loading ('ori_grab_s10_train_lift_nf_300', 'ori_grab_s10_train_lift_nf_300')
[Debug] Loading ('ori_grab_s10_train_pass_1_nf_300', 'ori_grab_s10_train_pass_1_nf_300')
[Debug] Loading ('ori_grab_s10_train_play_1_nf_300', 'ori_grab_s10_train_play_1_nf_300')
[Debug] Loading ('ori_grab_s10_watch_pass_1_nf_300', 'ori_grab_s10_watch_pass_1_nf_300')
[Debug] Loading ('ori_grab_s10_waterbottle_drink_1_nf_300', 'ori_grab_s10_waterbottle_drink_1_nf_300')
[Debug] Loading ('ori_grab_s10_waterbottle_pass_1_nf_300', 'ori_grab_s10_waterbottle_pass_1_nf_300')
[Debug] Loading ('ori_grab_s10_waterbottle_pour_1_nf_300', 'ori_grab_s10_waterbottle_pour_1_nf_300')
[Debug] Loading ('ori_grab_s10_wineglass_drink_1_nf_300', 'ori_grab_s10_wineglass_drink_1_nf_300')
[Debug] Loading ('ori_grab_s10_wineglass_drink_2_nf_300', 'ori_grab_s10_wineglass_drink_2_nf_300')
[Debug] Loading ('ori_grab_s10_wineglass_lift_nf_300', 'ori_grab_s10_wineglass_lift_nf_300')
[Debug] Loading ('ori_grab_s10_wineglass_pass_1_nf_300', 'ori_grab_s10_wineglass_pass_1_nf_300')
[Warning] [carb.gym.plugin] useGpuPipeline is set, forcing GPU PhysX
[Warning] [carb.gym.plugin] useGpu is set, forcing single scene (0 subscenes)
Not connected to PVD
+++ Using GPU PhysX
Physics Engine: PhysX
Physics Device: cuda:0
GPU Pipeline: enabled
[Error] [carb.gym.plugin] Graphics is nullptr in GymCreateTextureFromFile
[Debug] Loading ('ori_grab_s10_wineglass_toast_1_nf_300', 'ori_grab_s10_wineglass_toast_1_nf_300')
[Debug] Loading ('ori_grab_s2_pyramidlarge_pass_1_Retake_nf_300', 'ori_grab_s2_pyramidlarge_pass_1_Retake_nf_300')
[Debug] Loading ('ori_grab_s2_airplane_fly_1_nf_300', 'ori_grab_s2_airplane_fly_1_nf_300')
[Debug] Loading ('ori_grab_s2_apple_eat_1_nf_300', 'ori_grab_s2_apple_eat_1_nf_300')
[Debug] Loading ('ori_grab_s2_apple_lift_nf_300', 'ori_grab_s2_apple_lift_nf_300')
[Debug] Loading ('ori_grab_s2_apple_pass_1_nf_300', 'ori_grab_s2_apple_pass_1_nf_300')
[Debug] Loading ('ori_grab_s2_banana_eat_1_nf_300', 'ori_grab_s2_banana_eat_1_nf_300')
[Debug] Loading ('ori_grab_s2_banana_pass_1_nf_300', 'ori_grab_s2_banana_pass_1_nf_300')
[Debug] Loading ('ori_grab_s2_banana_peel_1_nf_300', 'ori_grab_s2_banana_peel_1_nf_300')
[Debug] Loading ('ori_grab_s2_camera_browse_1_nf_300', 'ori_grab_s2_camera_browse_1_nf_300')
[Debug] Loading ('ori_grab_s2_camera_lift_nf_300', 'ori_grab_s2_camera_lift_nf_300')
[Debug] Loading ('ori_grab_s2_camera_pass_1_nf_300', 'ori_grab_s2_camera_pass_1_nf_300')
[Debug] Loading ('ori_grab_s2_camera_takepicture_2_nf_300', 'ori_grab_s2_camera_takepicture_2_nf_300')
[Debug] Loading ('ori_grab_s2_cubelarge_inspect_1_nf_300', 'ori_grab_s2_cubelarge_inspect_1_nf_300')
[Debug] Loading ('ori_grab_s2_cubelarge_lift_nf_300', 'ori_grab_s2_cubelarge_lift_nf_300')
[Debug] Loading ('ori_grab_s2_cubelarge_pass_1_nf_300', 'ori_grab_s2_cubelarge_pass_1_nf_300')
[Debug] Loading ('ori_grab_s2_cubemedium_inspect_1_nf_300', 'ori_grab_s2_cubemedium_inspect_1_nf_300')
[Debug] Loading ('ori_grab_s2_cubemedium_lift_nf_300', 'ori_grab_s2_cubemedium_lift_nf_300')
[Debug] Loading ('ori_grab_s2_cubesmall_inspect_1_nf_300', 'ori_grab_s2_cubesmall_inspect_1_nf_300')
[3] tot_succ_nn / tot_nn: 0 / 1
[Debug] data_inst_tag_list: 1
0/1 Loading from /cephfs/xueyi/uni_manip/isaacgym_rl_exp_taco_grab_interpseq_interpfr_60_interpfr2_60_nntrans_40_eval/tracking_TACO_taco_20230930_037_INTERPSEQ_ori_grab_s2_phone_call_1_obs_pure_state_wref_wdelta_density_500.0_trans_0.5_rot_0.5_goalcond_False_kinebias_t0.5r0.5f20_rfd_0.3_rh_0.5_interpfr_60_interpfr2_60_nntrans_40_04-20-05-36/ts_to_hand_obj_obs_reset_1_sorted_best.npy
0/1 Loading from /cephfs/xueyi/uni_manip/isaacgym_rl_exp_taco_grab_interpseq_interpfr_60_interpfr2_60_nntrans_40_eval/tracking_TACO_taco_20230930_037_INTERPSEQ_ori_grab_s2_phone_call_1_obs_pure_state_wref_wdelta_density_500.0_trans_0.5_rot_0.5_goalcond_False_kinebias_t0.5r0.5f20_rfd_0.3_rh_0.5_interpfr_60_interpfr2_60_nntrans_40_04-20-05-36/ts_to_hand_obj_obs_reset_1_sorted_best.npy, len(data_name_to_data): 0
Loading from /cephfs/xueyi/uni_manip/isaacgym_rl_exp_taco_grab_interpseq_interpfr_60_interpfr2_60_nntrans_40_eval/tracking_TACO_taco_20230930_037_INTERPSEQ_ori_grab_s2_phone_call_1_obs_pure_state_wref_wdelta_density_500.0_trans_0.5_rot_0.5_goalcond_False_kinebias_t0.5r0.5f20_rfd_0.3_rh_0.5_interpfr_60_interpfr2_60_nntrans_40_04-20-05-36/ts_to_hand_obj_obs_reset_1_sorted_best.npy, cur_traj_maxx_length: 300, maxx_trajectory_length: 300
Existing func _preload_mocap_tracking_ctl_data
[Loading tracking kine info] 0/1: ('ori_grab_s2_cubesmall_inspect_1_nf_300', 'ori_grab_s2_cubesmall_inspect_1_nf_300')
Loading single with data_inst_tag: ('ori_grab_s2_cubesmall_inspect_1_nf_300', 'ori_grab_s2_cubesmall_inspect_1_nf_300')
cur_kine_obj_trans: [2.41e-05 3.65e-05 2.53e-02]
cur_kine_qs: (300, 22)
cur_data_episode_length: 300, maxx_trajectory_length: 300
tot_hand_preopt_res: torch.Size([1, 300, 22]), tot_hand_qs: torch.Size([1, 300, 22]), tot_hand_qtars: torch.Size([1, 300, 22]), tot_kine_qs: torch.Size([1, 300, 22]), tot_kine_obj_trans: torch.Size([1, 300, 3]), tot_kine_obj_ornt: torch.Size([1, 300, 4]), maxx_episode_length_per_traj: tensor([299], device='cuda:0', dtype=torch.int32)
Obs type: pure_state_wref_wdelta
controlFrequencyInv: 1
==> Loading mocap reference information from ./data/GRAB_Tracking_PK_reduced_300/data/passive_active_info_ori_grab_s2_apple_lift_nf_300.npy
lift_fr: 0, cur_obj_transl: [1.79e-07 2.08e-04 6.12e-02]
==> Info loaded with hand_qs: (300, 22), goal_hand_qs: (300, 22), goal_obj_trans: (300, 3), goal_obj_rot_quat: (300, 4)
joint_idxes_ordering: [ 0  1  2  3  4  5  6  7  8  9 14 15 16 17 18 19 20 21 10 11 12 13]
joint_idxes_inversed_ordering: [ 0  1  2  3  4  5  6  7  8  9 18 19 20 21 10 11 12 13 14 15 16 17]
obs_type: pure_state_wref_wdelta, num_obs: 469
numObservationsWActions: 492, numActions: 22, numObservations: 469
enable_camera_sensors: False, graphics_device_id: -1
[Debug] shadow_hand_asset_file: allegro_hand_description/urdf/allegro_hand_description_right_fly_v2.urdf
self.num_shadow_hand_bodies:  27
self.num_shadow_hand_shapes:  21
self.num_shadow_hand_dofs:  22
self.num_shadow_hand_actuators:  22
self.num_shadow_hand_tendons:  0
asset_rigid_body_names:  ['hand_root', 'link_palm_x', 'link_palm_y', 'link_palm_z', 'link_palm_rx', 'link_palm_ry', 'palm_link', 'link_0', 'link_1', 'link_2', 'link_3', 'link_3_tip', 'link_12', 'link_13', 'link_14', 'link_15', 'link_15_tip', 'link_4', 'link_5', 'link_6', 'link_7', 'link_7_tip', 'link_8', 'link_9', 'link_10', 'link_11', 'link_11_tip']
[Debug] shadow_hand_dof_names: ['WRJ0x', 'WRJ0y', 'WRJ0z', 'WRJ0rx', 'WRJ0ry', 'WRJ0rz', 'joint_0', 'joint_1', 'joint_2', 'joint_3', 'joint_12', 'joint_13', 'joint_14', 'joint_15', 'joint_4', 'joint_5', 'joint_6', 'joint_7', 'joint_8', 'joint_9', 'joint_10', 'joint_11']
more_allegro_stiffness: False
more_allegro_stiffness: False
more_allegro_stiffness: False
more_allegro_stiffness: False
more_allegro_stiffness: False
more_allegro_stiffness: False
more_allegro_stiffness: False
more_allegro_stiffness: False
more_allegro_stiffness: False
more_allegro_stiffness: False
more_allegro_stiffness: False
more_allegro_stiffness: False
more_allegro_stiffness: False
more_allegro_stiffness: False
more_allegro_stiffness: False
more_allegro_stiffness: False
more_allegro_stiffness: False
more_allegro_stiffness: False
more_allegro_stiffness: False
more_allegro_stiffness: False
more_allegro_stiffness: False
more_allegro_stiffness: False
[Debug] shadow_hand_dof_lower_limits: tensor([-1.0000, -1.0000, -1.0000, -3.1400, -3.1400, -3.1400, -0.4700, -0.1960,
        -0.1740, -0.2270,  0.2630, -0.1050, -0.1890, -0.1620, -0.4700, -0.1960,
        -0.1740, -0.2270, -0.4700, -0.1960, -0.1740, -0.2270], device='cuda:0')
[Debug] shadow_hand_dof_upper_limits: tensor([1.0000, 1.0000, 1.0000, 3.1400, 3.1400, 3.1400, 0.4700, 1.6100, 1.7090,
        1.6180, 1.3960, 1.1630, 1.6440, 1.7190, 0.4700, 1.6100, 1.7090, 1.6180,
        0.4700, 1.6100, 1.7090, 1.6180], device='cuda:0')
key: WRJ0rx val: 3
key: WRJ0ry val: 4
key: WRJ0rz val: 5
key: WRJ0x val: 0
key: WRJ0y val: 1
key: WRJ0z val: 2
key: joint_0 val: 6
key: joint_1 val: 7
key: joint_10 val: 23
key: joint_11 val: 24
key: joint_11_tip val: 25
key: joint_12 val: 11
key: joint_13 val: 12
key: joint_14 val: 13
key: joint_15 val: 14
key: joint_15_tip val: 15
key: joint_2 val: 8
key: joint_3 val: 9
key: joint_3_tip val: 10
key: joint_4 val: 16
key: joint_5 val: 17
key: joint_6 val: 18
key: joint_7 val: 19
key: joint_7_tip val: 20
key: joint_8 val: 21
key: joint_9 val: 22
[Debug] object_dof_lower_limits: tensor([], device='cuda:0')
[Debug] object_dof_upper_limits: tensor([], device='cuda:0')
[Debug] fingertips handles: [16, 11, 21, 26]
[Debug] body_name: palm, idx: 6
[Debug] body_name: thumb, idx: 16
[Debug] body_name: index, idx: 11
[Debug] body_name: middle, idx: 21
[Debug] body_name: ring, idx: 26
len(object_code_list): 1
first_frame_hand_kine_qs: tensor([-0.1104,  0.0429,  0.1694,  1.7716,  0.2565, -1.2635, -0.0424,  0.2664,
         0.2466,  0.0856,  0.9722,  0.2946,  0.8590,  0.1782,  0.0199,  0.3815,
         0.2693,  0.0671,  0.2477,  0.4972,  0.3279,  0.1055], device='cuda:0'), load_kine_info_retar_with_arm: False, 
mass: [0.062474433332681656]
AUDIT_FIX: creation-time joint state applied to 1024 hands
tot_obj_succ_nn: 0
num_shadow_hand_dofs: 22
Registering the history observations...
[Debug] shadow_hand_default_dof_pos: torch.Size([1024, 22])
[Debug] dof_state: torch.Size([22528, 2])
AUDIT_FIX 3: reset snapshot replaced with creation pose at rest
[Debug] num_dofs: 22
Box(-1.0, 1.0, (22,), float32) Box(-inf, inf, (469,), float32)
WARNING: seq_len is deprecated, use seq_length instead
seq_length: 4
current training device: cuda:0
build mlp: 469
RunningMeanStd:  (1,)
RunningMeanStd:  (469,)
=> loading checkpoint '/workspace/DexTrack/isaacgymenvs/ckpts/s2_cubesmall_inspect_ckpt.pth'
[_build_gt_act_buffers] gt_act_dim: 23
AUDIT_FIX 2: settled links with objects parked
AUDIT_FIX 3b: object pinned at creation pose before the first step
PEN-REWARD on: weight 0.61 N, hulls 1, points 33114 spacing 0.002, w_pen 1000.0, w_force 0.0
AUDIT_FIX 3b: object pinned at creation pose before the first step
AUDIT_FIX 3b: object pinned at creation pose before the first step
fps step: 10920 fps step and policy inference: 10725 fps total: 8411 epoch: 325/474 frames: 228096000
mean_rewards:  [-118.9] last_mean_rewards:  -100500
saving next best rewards:  [-118.9]
getting weights with keys: dict_keys(['scaler', 'model'])
=> saving checkpoint './logs/dense_cube_w1000_sdf/tracking_ori_grab_s2_cubesmall_inspect_1_nf_300_obs_pure_state_wref_wdelta_density_500.0_trans_0.5_rot_0.5_goalcond_False__18-01-17-13/nn/tracking_ori_grab_s2_cubesmall_inspect_1_nf_300_obs_pure_state_wref_wdelta_density_500.0_trans_0.5_rot_0.5_goalcond_False_.pth'
fps step: 10484 fps step and policy inference: 10301 fps total: 8121 epoch: 326/474 frames: 228128768
mean_rewards:  [-290.22] last_mean_rewards:  -118.902504
fps step: 10101 fps step and policy inference: 9934 fps total: 7845 epoch: 327/474 frames: 228161536
mean_rewards:  [-226.38] last_mean_rewards:  -118.902504
PEN-REWARD last200: depth mean 0.99 mm, frac>2mm 0.19, grip_x mean 69, term mean 0.992
fps step: 9600 fps step and policy inference: 9448 fps total: 7558 epoch: 328/474 frames: 228194304
mean_rewards:  [-204.88] last_mean_rewards:  -118.902504
fps step: 9481 fps step and policy inference: 9332 fps total: 7481 epoch: 329/474 frames: 228227072
mean_rewards:  [-229.82] last_mean_rewards:  -118.902504
fps step: 9454 fps step and policy inference: 9304 fps total: 7464 epoch: 330/474 frames: 228259840
mean_rewards:  [-217.61] last_mean_rewards:  -118.902504
PEN-REWARD last200: depth mean 1.27 mm, frac>2mm 0.22, grip_x mean 151, term mean 1.271
fps step: 9486 fps step and policy inference: 9335 fps total: 7475 epoch: 331/474 frames: 228292608
mean_rewards:  [-218.88] last_mean_rewards:  -118.902504
fps step: 9472 fps step and policy inference: 9325 fps total: 7472 epoch: 332/474 frames: 228325376
mean_rewards:  [-210.67] last_mean_rewards:  -118.902504
fps step: 9496 fps step and policy inference: 9346 fps total: 7485 epoch: 333/474 frames: 228358144
mean_rewards:  [-210.32] last_mean_rewards:  -118.902504
PEN-REWARD last200: depth mean 1.34 mm, frac>2mm 0.23, grip_x mean 166, term mean 1.343
fps step: 9259 fps step and policy inference: 9117 fps total: 7341 epoch: 334/474 frames: 228390912
mean_rewards:  [-202.38] last_mean_rewards:  -118.902504
fps step: 9493 fps step and policy inference: 9342 fps total: 7484 epoch: 335/474 frames: 228423680
mean_rewards:  [-205.61] last_mean_rewards:  -118.902504
fps step: 9476 fps step and policy inference: 9326 fps total: 7474 epoch: 336/474 frames: 228456448
mean_rewards:  [-203.28] last_mean_rewards:  -118.902504
PEN-REWARD last200: depth mean 1.32 mm, frac>2mm 0.23, grip_x mean 167, term mean 1.324
fps step: 9500 fps step and policy inference: 9351 fps total: 7486 epoch: 337/474 frames: 228489216
mean_rewards:  [-201.06] last_mean_rewards:  -118.902504
fps step: 9537 fps step and policy inference: 9387 fps total: 7511 epoch: 338/474 frames: 228521984
mean_rewards:  [-195.43] last_mean_rewards:  -118.902504
fps step: 9512 fps step and policy inference: 9360 fps total: 7488 epoch: 339/474 frames: 228554752
mean_rewards:  [-193.8] last_mean_rewards:  -118.902504
PEN-REWARD last200: depth mean 1.26 mm, frac>2mm 0.21, grip_x mean 167, term mean 1.264
fps step: 9543 fps step and policy inference: 9390 fps total: 7513 epoch: 340/474 frames: 228587520
mean_rewards:  [-193.82] last_mean_rewards:  -118.902504
fps step: 9550 fps step and policy inference: 9398 fps total: 7509 epoch: 341/474 frames: 228620288
mean_rewards:  [-194.73] last_mean_rewards:  -118.902504
fps step: 9529 fps step and policy inference: 9379 fps total: 7509 epoch: 342/474 frames: 228653056
mean_rewards:  [-185.61] last_mean_rewards:  -118.902504
PEN-REWARD last200: depth mean 1.19 mm, frac>2mm 0.19, grip_x mean 166, term mean 1.193
fps step: 9524 fps step and policy inference: 9373 fps total: 7521 epoch: 343/474 frames: 228685824
mean_rewards:  [-178.75] last_mean_rewards:  -118.902504
fps step: 9591 fps step and policy inference: 9437 fps total: 7561 epoch: 344/474 frames: 228718592
mean_rewards:  [-174.6] last_mean_rewards:  -118.902504
fps step: 9703 fps step and policy inference: 9546 fps total: 7630 epoch: 345/474 frames: 228751360
mean_rewards:  [-184.12] last_mean_rewards:  -118.902504
PEN-REWARD last200: depth mean 1.12 mm, frac>2mm 0.18, grip_x mean 170, term mean 1.125
fps step: 9694 fps step and policy inference: 9540 fps total: 7631 epoch: 346/474 frames: 228784128
mean_rewards:  [-179.66] last_mean_rewards:  -118.902504
fps step: 9559 fps step and policy inference: 9404 fps total: 7511 epoch: 347/474 frames: 228816896
mean_rewards:  [-181.46] last_mean_rewards:  -118.902504
fps step: 9700 fps step and policy inference: 9545 fps total: 7634 epoch: 348/474 frames: 228849664
mean_rewards:  [-169.8] last_mean_rewards:  -118.902504
PEN-REWARD last200: depth mean 1.05 mm, frac>2mm 0.16, grip_x mean 172, term mean 1.047
fps step: 9714 fps step and policy inference: 9558 fps total: 7643 epoch: 349/474 frames: 228882432
mean_rewards:  [-175.09] last_mean_rewards:  -118.902504
fps step: 9692 fps step and policy inference: 9524 fps total: 7617 epoch: 350/474 frames: 228915200
mean_rewards:  [-176.81] last_mean_rewards:  -118.902504
fps step: 9765 fps step and policy inference: 9596 fps total: 7663 epoch: 351/474 frames: 228947968
mean_rewards:  [-170.43] last_mean_rewards:  -118.902504
fps step: 9825 fps step and policy inference: 9651 fps total: 7648 epoch: 352/474 frames: 228980736
mean_rewards:  [-166.96] last_mean_rewards:  -118.902504
PEN-REWARD last200: depth mean 0.91 mm, frac>2mm 0.14, grip_x mean 171, term mean 0.908
fps step: 9811 fps step and policy inference: 9632 fps total: 7695 epoch: 353/474 frames: 229013504
mean_rewards:  [-166.55] last_mean_rewards:  -118.902504
fps step: 9886 fps step and policy inference: 9709 fps total: 7719 epoch: 354/474 frames: 229046272
mean_rewards:  [-158.39] last_mean_rewards:  -118.902504
fps step: 9937 fps step and policy inference: 9762 fps total: 7749 epoch: 355/474 frames: 229079040
mean_rewards:  [-163.85] last_mean_rewards:  -118.902504
PEN-REWARD last200: depth mean 0.79 mm, frac>2mm 0.12, grip_x mean 174, term mean 0.794
fps step: 9910 fps step and policy inference: 9738 fps total: 7738 epoch: 356/474 frames: 229111808
mean_rewards:  [-157.06] last_mean_rewards:  -118.902504
fps step: 9976 fps step and policy inference: 9788 fps total: 7771 epoch: 357/474 frames: 229144576
mean_rewards:  [-153.12] last_mean_rewards:  -118.902504
fps step: 9829 fps step and policy inference: 9640 fps total: 7670 epoch: 358/474 frames: 229177344
mean_rewards:  [-155.55] last_mean_rewards:  -118.902504
PEN-REWARD last200: depth mean 0.73 mm, frac>2mm 0.10, grip_x mean 172, term mean 0.731
fps step: 9972 fps step and policy inference: 9785 fps total: 7755 epoch: 359/474 frames: 229210112
mean_rewards:  [-156.46] last_mean_rewards:  -118.902504
fps step: 9986 fps step and policy inference: 9793 fps total: 7768 epoch: 360/474 frames: 229242880
mean_rewards:  [-160.34] last_mean_rewards:  -118.902504
fps step: 10086 fps step and policy inference: 9904 fps total: 7841 epoch: 361/474 frames: 229275648
mean_rewards:  [-156.48] last_mean_rewards:  -118.902504
PEN-REWARD last200: depth mean 0.66 mm, frac>2mm 0.09, grip_x mean 175, term mean 0.662
fps step: 10030 fps step and policy inference: 9833 fps total: 7781 epoch: 362/474 frames: 229308416
mean_rewards:  [-154.74] last_mean_rewards:  -118.902504
fps step: 9962 fps step and policy inference: 9767 fps total: 7706 epoch: 363/474 frames: 229341184
mean_rewards:  [-152.53] last_mean_rewards:  -118.902504
fps step: 10007 fps step and policy inference: 9808 fps total: 7750 epoch: 364/474 frames: 229373952
mean_rewards:  [-161.48] last_mean_rewards:  -118.902504
PEN-REWARD last200: depth mean 0.64 mm, frac>2mm 0.09, grip_x mean 177, term mean 0.638
fps step: 10009 fps step and policy inference: 9812 fps total: 7738 epoch: 365/474 frames: 229406720
mean_rewards:  [-161.74] last_mean_rewards:  -118.902504
fps step: 10055 fps step and policy inference: 9857 fps total: 7766 epoch: 366/474 frames: 229439488
mean_rewards:  [-157.13] last_mean_rewards:  -118.902504
fps step: 10060 fps step and policy inference: 9869 fps total: 7766 epoch: 367/474 frames: 229472256
mean_rewards:  [-154.48] last_mean_rewards:  -118.902504
PEN-REWARD last200: depth mean 0.59 mm, frac>2mm 0.08, grip_x mean 175, term mean 0.594
fps step: 10119 fps step and policy inference: 9937 fps total: 7809 epoch: 368/474 frames: 229505024
mean_rewards:  [-148.79] last_mean_rewards:  -118.902504
fps step: 10118 fps step and policy inference: 9936 fps total: 7827 epoch: 369/474 frames: 229537792
mean_rewards:  [-147.7] last_mean_rewards:  -118.902504
fps step: 10083 fps step and policy inference: 9902 fps total: 7810 epoch: 370/474 frames: 229570560
mean_rewards:  [-137.36] last_mean_rewards:  -118.902504
PEN-REWARD last200: depth mean 0.57 mm, frac>2mm 0.07, grip_x mean 180, term mean 0.566
fps step: 10069 fps step and policy inference: 9885 fps total: 7788 epoch: 371/474 frames: 229603328
mean_rewards:  [-141.36] last_mean_rewards:  -118.902504
fps step: 10027 fps step and policy inference: 9845 fps total: 7765 epoch: 372/474 frames: 229636096
mean_rewards:  [-147.08] last_mean_rewards:  -118.902504
fps step: 10044 fps step and policy inference: 9866 fps total: 7772 epoch: 373/474 frames: 229668864
mean_rewards:  [-139.71] last_mean_rewards:  -118.902504
PEN-REWARD last200: depth mean 0.59 mm, frac>2mm 0.07, grip_x mean 178, term mean 0.595
fps step: 10051 fps step and policy inference: 9869 fps total: 7782 epoch: 374/474 frames: 229701632
mean_rewards:  [-146.52] last_mean_rewards:  -118.902504
fps step: 10105 fps step and policy inference: 9923 fps total: 7817 epoch: 375/474 frames: 229734400
mean_rewards:  [-144.6] last_mean_rewards:  -118.902504
fps step: 10108 fps step and policy inference: 9926 fps total: 7816 epoch: 376/474 frames: 229767168
mean_rewards:  [-133.86] last_mean_rewards:  -118.902504
fps step: 9991 fps step and policy inference: 9812 fps total: 7748 epoch: 377/474 frames: 229799936
mean_rewards:  [-140.] last_mean_rewards:  -118.902504
PEN-REWARD last200: depth mean 0.62 mm, frac>2mm 0.07, grip_x mean 174, term mean 0.616
fps step: 9976 fps step and policy inference: 9798 fps total: 7736 epoch: 378/474 frames: 229832704
mean_rewards:  [-135.37] last_mean_rewards:  -118.902504
fps step: 10032 fps step and policy inference: 9850 fps total: 7771 epoch: 379/474 frames: 229865472
mean_rewards:  [-132.07] last_mean_rewards:  -118.902504
fps step: 10040 fps step and policy inference: 9861 fps total: 7773 epoch: 380/474 frames: 229898240
mean_rewards:  [-123.43] last_mean_rewards:  -118.902504
PEN-REWARD last200: depth mean 0.64 mm, frac>2mm 0.07, grip_x mean 181, term mean 0.643
fps step: 10017 fps step and policy inference: 9836 fps total: 7758 epoch: 381/474 frames: 229931008
mean_rewards:  [-132.22] last_mean_rewards:  -118.902504
fps step: 9989 fps step and policy inference: 9809 fps total: 7744 epoch: 382/474 frames: 229963776
mean_rewards:  [-133.03] last_mean_rewards:  -118.902504
fps step: 10020 fps step and policy inference: 9842 fps total: 7759 epoch: 383/474 frames: 229996544
mean_rewards:  [-130.04] last_mean_rewards:  -118.902504
PEN-REWARD last200: depth mean 0.63 mm, frac>2mm 0.07, grip_x mean 174, term mean 0.631
fps step: 9995 fps step and policy inference: 9817 fps total: 7749 epoch: 384/474 frames: 230029312
mean_rewards:  [-129.39] last_mean_rewards:  -118.902504
fps step: 10093 fps step and policy inference: 9925 fps total: 7856 epoch: 385/474 frames: 230062080
mean_rewards:  [-120.6] last_mean_rewards:  -118.902504
fps step: 10169 fps step and policy inference: 9996 fps total: 7900 epoch: 386/474 frames: 230094848
mean_rewards:  [-117.63] last_mean_rewards:  -118.902504
saving next best rewards:  [-117.63]
getting weights with keys: dict_keys(['scaler', 'model'])
=> saving checkpoint './logs/dense_cube_w1000_sdf/tracking_ori_grab_s2_cubesmall_inspect_1_nf_300_obs_pure_state_wref_wdelta_density_500.0_trans_0.5_rot_0.5_goalcond_False__18-01-17-13/nn/tracking_ori_grab_s2_cubesmall_inspect_1_nf_300_obs_pure_state_wref_wdelta_density_500.0_trans_0.5_rot_0.5_goalcond_False_.pth'
PEN-REWARD last200: depth mean 0.65 mm, frac>2mm 0.07, grip_x mean 166, term mean 0.651
fps step: 10097 fps step and policy inference: 9928 fps total: 7835 epoch: 387/474 frames: 230127616
mean_rewards:  [-123.24] last_mean_rewards:  -117.6338
fps step: 9946 fps step and policy inference: 9779 fps total: 7729 epoch: 388/474 frames: 230160384
mean_rewards:  [-121.38] last_mean_rewards:  -117.6338
fps step: 9979 fps step and policy inference: 9811 fps total: 7747 epoch: 389/474 frames: 230193152
mean_rewards:  [-122.77] last_mean_rewards:  -117.6338
PEN-REWARD last200: depth mean 0.67 mm, frac>2mm 0.07, grip_x mean 175, term mean 0.667
fps step: 9943 fps step and policy inference: 9777 fps total: 7734 epoch: 390/474 frames: 230225920
mean_rewards:  [-122.91] last_mean_rewards:  -117.6338
fps step: 9907 fps step and policy inference: 9742 fps total: 7704 epoch: 391/474 frames: 230258688
mean_rewards:  [-115.84] last_mean_rewards:  -117.6338
saving next best rewards:  [-115.84]
getting weights with keys: dict_keys(['scaler', 'model'])
=> saving checkpoint './logs/dense_cube_w1000_sdf/tracking_ori_grab_s2_cubesmall_inspect_1_nf_300_obs_pure_state_wref_wdelta_density_500.0_trans_0.5_rot_0.5_goalcond_False__18-01-17-13/nn/tracking_ori_grab_s2_cubesmall_inspect_1_nf_300_obs_pure_state_wref_wdelta_density_500.0_trans_0.5_rot_0.5_goalcond_False_.pth'
fps step: 9922 fps step and policy inference: 9758 fps total: 7722 epoch: 392/474 frames: 230291456
mean_rewards:  [-121.55] last_mean_rewards:  -115.83992
PEN-REWARD last200: depth mean 0.69 mm, frac>2mm 0.07, grip_x mean 157, term mean 0.693
fps step: 9902 fps step and policy inference: 9739 fps total: 7745 epoch: 393/474 frames: 230324224
mean_rewards:  [-116.9] last_mean_rewards:  -115.83992
fps step: 9922 fps step and policy inference: 9757 fps total: 7753 epoch: 394/474 frames: 230356992
mean_rewards:  [-101.54] last_mean_rewards:  -115.83992
saving next best rewards:  [-101.54]
getting weights with keys: dict_keys(['scaler', 'model'])
=> saving checkpoint './logs/dense_cube_w1000_sdf/tracking_ori_grab_s2_cubesmall_inspect_1_nf_300_obs_pure_state_wref_wdelta_density_500.0_trans_0.5_rot_0.5_goalcond_False__18-01-17-13/nn/tracking_ori_grab_s2_cubesmall_inspect_1_nf_300_obs_pure_state_wref_wdelta_density_500.0_trans_0.5_rot_0.5_goalcond_False_.pth'
fps step: 9925 fps step and policy inference: 9759 fps total: 7756 epoch: 395/474 frames: 230389760
mean_rewards:  [-108.67] last_mean_rewards:  -101.54478
PEN-REWARD last200: depth mean 0.71 mm, frac>2mm 0.07, grip_x mean 147, term mean 0.711
fps step: 9829 fps step and policy inference: 9664 fps total: 7696 epoch: 396/474 frames: 230422528
mean_rewards:  [-107.72] last_mean_rewards:  -101.54478
fps step: 9896 fps step and policy inference: 9733 fps total: 7707 epoch: 397/474 frames: 230455296
mean_rewards:  [-108.87] last_mean_rewards:  -101.54478
fps step: 9878 fps step and policy inference: 9717 fps total: 7801 epoch: 398/474 frames: 230488064
mean_rewards:  [-108.16] last_mean_rewards:  -101.54478
PEN-REWARD last200: depth mean 0.71 mm, frac>2mm 0.06, grip_x mean 137, term mean 0.711
fps step: 9870 fps step and policy inference: 9708 fps total: 7788 epoch: 399/474 frames: 230520832
mean_rewards:  [-101.76] last_mean_rewards:  -101.54478
fps step: 9895 fps step and policy inference: 9731 fps total: 7814 epoch: 400/474 frames: 230553600
mean_rewards:  [-105.97] last_mean_rewards:  -101.54478
getting weights with keys: dict_keys(['scaler', 'model'])
=> saving checkpoint './logs/dense_cube_w1000_sdf/tracking_ori_grab_s2_cubesmall_inspect_1_nf_300_obs_pure_state_wref_wdelta_density_500.0_trans_0.5_rot_0.5_goalcond_False__18-01-17-13/nn/last_tracking_ori_grab_s2_cubesmall_inspect_1_nf_300_obs_pure_state_wref_wdelta_density_500.0_trans_0.5_rot_0.5_goalcond_False__ep_400_rew_-105.97348.pth'
fps step: 9863 fps step and policy inference: 9701 fps total: 7816 epoch: 401/474 frames: 230586368
mean_rewards:  [-99.31] last_mean_rewards:  -101.54478
saving next best rewards:  [-99.31]
getting weights with keys: dict_keys(['scaler', 'model'])
=> saving checkpoint './logs/dense_cube_w1000_sdf/tracking_ori_grab_s2_cubesmall_inspect_1_nf_300_obs_pure_state_wref_wdelta_density_500.0_trans_0.5_rot_0.5_goalcond_False__18-01-17-13/nn/tracking_ori_grab_s2_cubesmall_inspect_1_nf_300_obs_pure_state_wref_wdelta_density_500.0_trans_0.5_rot_0.5_goalcond_False_.pth'
fps step: 9918 fps step and policy inference: 9749 fps total: 7862 epoch: 402/474 frames: 230619136
mean_rewards:  [-91.95] last_mean_rewards:  -99.306435
saving next best rewards:  [-91.95]
getting weights with keys: dict_keys(['scaler', 'model'])
=> saving checkpoint './logs/dense_cube_w1000_sdf/tracking_ori_grab_s2_cubesmall_inspect_1_nf_300_obs_pure_state_wref_wdelta_density_500.0_trans_0.5_rot_0.5_goalcond_False__18-01-17-13/nn/tracking_ori_grab_s2_cubesmall_inspect_1_nf_300_obs_pure_state_wref_wdelta_density_500.0_trans_0.5_rot_0.5_goalcond_False_.pth'
PEN-REWARD last200: depth mean 0.73 mm, frac>2mm 0.06, grip_x mean 135, term mean 0.729
fps step: 9848 fps step and policy inference: 9664 fps total: 7821 epoch: 403/474 frames: 230651904
mean_rewards:  [-92.01] last_mean_rewards:  -91.94738
fps step: 9928 fps step and policy inference: 9750 fps total: 7875 epoch: 404/474 frames: 230684672
mean_rewards:  [-100.74] last_mean_rewards:  -91.94738
fps step: 9896 fps step and policy inference: 9720 fps total: 7854 epoch: 405/474 frames: 230717440
mean_rewards:  [-85.79] last_mean_rewards:  -91.94738
saving next best rewards:  [-85.79]
getting weights with keys: dict_keys(['scaler', 'model'])
=> saving checkpoint './logs/dense_cube_w1000_sdf/tracking_ori_grab_s2_cubesmall_inspect_1_nf_300_obs_pure_state_wref_wdelta_density_500.0_trans_0.5_rot_0.5_goalcond_False__18-01-17-13/nn/tracking_ori_grab_s2_cubesmall_inspect_1_nf_300_obs_pure_state_wref_wdelta_density_500.0_trans_0.5_rot_0.5_goalcond_False_.pth'
PEN-REWARD last200: depth mean 0.73 mm, frac>2mm 0.06, grip_x mean 127, term mean 0.733
fps step: 9894 fps step and policy inference: 9717 fps total: 7852 epoch: 406/474 frames: 230750208
mean_rewards:  [-96.97] last_mean_rewards:  -85.788185
fps step: 9742 fps step and policy inference: 9564 fps total: 7673 epoch: 407/474 frames: 230782976
mean_rewards:  [-84.89] last_mean_rewards:  -85.788185
saving next best rewards:  [-84.89]
getting weights with keys: dict_keys(['scaler', 'model'])
=> saving checkpoint './logs/dense_cube_w1000_sdf/tracking_ori_grab_s2_cubesmall_inspect_1_nf_300_obs_pure_state_wref_wdelta_density_500.0_trans_0.5_rot_0.5_goalcond_False__18-01-17-13/nn/tracking_ori_grab_s2_cubesmall_inspect_1_nf_300_obs_pure_state_wref_wdelta_density_500.0_trans_0.5_rot_0.5_goalcond_False_.pth'
fps step: 9862 fps step and policy inference: 9692 fps total: 7796 epoch: 408/474 frames: 230815744
mean_rewards:  [-90.91] last_mean_rewards:  -84.89205
PEN-REWARD last200: depth mean 0.74 mm, frac>2mm 0.06, grip_x mean 124, term mean 0.737
fps step: 9801 fps step and policy inference: 9614 fps total: 7727 epoch: 409/474 frames: 230848512
mean_rewards:  [-92.76] last_mean_rewards:  -84.89205
fps step: 9851 fps step and policy inference: 9664 fps total: 7787 epoch: 410/474 frames: 230881280
mean_rewards:  [-87.08] last_mean_rewards:  -84.89205
fps step: 9899 fps step and policy inference: 9727 fps total: 7809 epoch: 411/474 frames: 230914048
mean_rewards:  [-82.88] last_mean_rewards:  -84.89205
saving next best rewards:  [-82.88]
getting weights with keys: dict_keys(['scaler', 'model'])
=> saving checkpoint './logs/dense_cube_w1000_sdf/tracking_ori_grab_s2_cubesmall_inspect_1_nf_300_obs_pure_state_wref_wdelta_density_500.0_trans_0.5_rot_0.5_goalcond_False__18-01-17-13/nn/tracking_ori_grab_s2_cubesmall_inspect_1_nf_300_obs_pure_state_wref_wdelta_density_500.0_trans_0.5_rot_0.5_goalcond_False_.pth'
PEN-REWARD last200: depth mean 0.73 mm, frac>2mm 0.06, grip_x mean 129, term mean 0.732
fps step: 9863 fps step and policy inference: 9692 fps total: 7783 epoch: 412/474 frames: 230946816
mean_rewards:  [-83.3] last_mean_rewards:  -82.88227
fps step: 9915 fps step and policy inference: 9739 fps total: 7804 epoch: 413/474 frames: 230979584
mean_rewards:  [-94.26] last_mean_rewards:  -82.88227
fps step: 9871 fps step and policy inference: 9697 fps total: 7813 epoch: 414/474 frames: 231012352
mean_rewards:  [-89.13] last_mean_rewards:  -82.88227
PEN-REWARD last200: depth mean 0.73 mm, frac>2mm 0.06, grip_x mean 122, term mean 0.730
fps step: 9874 fps step and policy inference: 9697 fps total: 7839 epoch: 415/474 frames: 231045120
mean_rewards:  [-86.91] last_mean_rewards:  -82.88227
fps step: 9836 fps step and policy inference: 9660 fps total: 7810 epoch: 416/474 frames: 231077888
mean_rewards:  [-78.35] last_mean_rewards:  -82.88227
saving next best rewards:  [-78.35]
getting weights with keys: dict_keys(['scaler', 'model'])
=> saving checkpoint './logs/dense_cube_w1000_sdf/tracking_ori_grab_s2_cubesmall_inspect_1_nf_300_obs_pure_state_wref_wdelta_density_500.0_trans_0.5_rot_0.5_goalcond_False__18-01-17-13/nn/tracking_ori_grab_s2_cubesmall_inspect_1_nf_300_obs_pure_state_wref_wdelta_density_500.0_trans_0.5_rot_0.5_goalcond_False_.pth'
fps step: 9824 fps step and policy inference: 9645 fps total: 7805 epoch: 417/474 frames: 231110656
mean_rewards:  [-79.] last_mean_rewards:  -78.34964
PEN-REWARD last200: depth mean 0.75 mm, frac>2mm 0.06, grip_x mean 119, term mean 0.745
fps step: 9831 fps step and policy inference: 9649 fps total: 7740 epoch: 418/474 frames: 231143424
mean_rewards:  [-86.78] last_mean_rewards:  -78.34964
fps step: 9939 fps step and policy inference: 9766 fps total: 7855 epoch: 419/474 frames: 231176192
mean_rewards:  [-86.86] last_mean_rewards:  -78.34964
fps step: 9940 fps step and policy inference: 9766 fps total: 7850 epoch: 420/474 frames: 231208960
mean_rewards:  [-81.87] last_mean_rewards:  -78.34964
PEN-REWARD last200: depth mean 0.74 mm, frac>2mm 0.06, grip_x mean 119, term mean 0.740
fps step: 9838 fps step and policy inference: 9666 fps total: 7763 epoch: 421/474 frames: 231241728
mean_rewards:  [-82.13] last_mean_rewards:  -78.34964
fps step: 9964 fps step and policy inference: 9788 fps total: 7846 epoch: 422/474 frames: 231274496
mean_rewards:  [-77.33] last_mean_rewards:  -78.34964
saving next best rewards:  [-77.33]
getting weights with keys: dict_keys(['scaler', 'model'])
=> saving checkpoint './logs/dense_cube_w1000_sdf/tracking_ori_grab_s2_cubesmall_inspect_1_nf_300_obs_pure_state_wref_wdelta_density_500.0_trans_0.5_rot_0.5_goalcond_False__18-01-17-13/nn/tracking_ori_grab_s2_cubesmall_inspect_1_nf_300_obs_pure_state_wref_wdelta_density_500.0_trans_0.5_rot_0.5_goalcond_False_.pth'
fps step: 9934 fps step and policy inference: 9758 fps total: 7819 epoch: 423/474 frames: 231307264
mean_rewards:  [-76.73] last_mean_rewards:  -77.334595
saving next best rewards:  [-76.73]
getting weights with keys: dict_keys(['scaler', 'model'])
=> saving checkpoint './logs/dense_cube_w1000_sdf/tracking_ori_grab_s2_cubesmall_inspect_1_nf_300_obs_pure_state_wref_wdelta_density_500.0_trans_0.5_rot_0.5_goalcond_False__18-01-17-13/nn/tracking_ori_grab_s2_cubesmall_inspect_1_nf_300_obs_pure_state_wref_wdelta_density_500.0_trans_0.5_rot_0.5_goalcond_False_.pth'
PEN-REWARD last200: depth mean 0.71 mm, frac>2mm 0.06, grip_x mean 115, term mean 0.715
fps step: 9857 fps step and policy inference: 9685 fps total: 7816 epoch: 424/474 frames: 231340032
mean_rewards:  [-70.75] last_mean_rewards:  -76.72635
saving next best rewards:  [-70.75]
getting weights with keys: dict_keys(['scaler', 'model'])
=> saving checkpoint './logs/dense_cube_w1000_sdf/tracking_ori_grab_s2_cubesmall_inspect_1_nf_300_obs_pure_state_wref_wdelta_density_500.0_trans_0.5_rot_0.5_goalcond_False__18-01-17-13/nn/tracking_ori_grab_s2_cubesmall_inspect_1_nf_300_obs_pure_state_wref_wdelta_density_500.0_trans_0.5_rot_0.5_goalcond_False_.pth'
fps step: 9955 fps step and policy inference: 9767 fps total: 7851 epoch: 425/474 frames: 231372800
mean_rewards:  [-79.57] last_mean_rewards:  -70.74576
fps step: 9949 fps step and policy inference: 9761 fps total: 7868 epoch: 426/474 frames: 231405568
mean_rewards:  [-69.96] last_mean_rewards:  -70.74576
saving next best rewards:  [-69.96]
getting weights with keys: dict_keys(['scaler', 'model'])
=> saving checkpoint './logs/dense_cube_w1000_sdf/tracking_ori_grab_s2_cubesmall_inspect_1_nf_300_obs_pure_state_wref_wdelta_density_500.0_trans_0.5_rot_0.5_goalcond_False__18-01-17-13/nn/tracking_ori_grab_s2_cubesmall_inspect_1_nf_300_obs_pure_state_wref_wdelta_density_500.0_trans_0.5_rot_0.5_goalcond_False_.pth'
fps step: 9966 fps step and policy inference: 9786 fps total: 7886 epoch: 427/474 frames: 231438336
mean_rewards:  [-70.94] last_mean_rewards:  -69.95835
PEN-REWARD last200: depth mean 0.70 mm, frac>2mm 0.06, grip_x mean 110, term mean 0.700
fps step: 9900 fps step and policy inference: 9709 fps total: 7839 epoch: 428/474 frames: 231471104
mean_rewards:  [-85.47] last_mean_rewards:  -69.95835
fps step: 9927 fps step and policy inference: 9736 fps total: 7850 epoch: 429/474 frames: 231503872
mean_rewards:  [-75.22] last_mean_rewards:  -69.95835
fps step: 9944 fps step and policy inference: 9754 fps total: 7866 epoch: 430/474 frames: 231536640
mean_rewards:  [-73.01] last_mean_rewards:  -69.95835
PEN-REWARD last200: depth mean 0.70 mm, frac>2mm 0.06, grip_x mean 103, term mean 0.701
fps step: 9987 fps step and policy inference: 9794 fps total: 7902 epoch: 431/474 frames: 231569408
mean_rewards:  [-78.71] last_mean_rewards:  -69.95835
fps step: 9982 fps step and policy inference: 9790 fps total: 7894 epoch: 432/474 frames: 231602176
mean_rewards:  [-67.67] last_mean_rewards:  -69.95835
saving next best rewards:  [-67.67]
getting weights with keys: dict_keys(['scaler', 'model'])
=> saving checkpoint './logs/dense_cube_w1000_sdf/tracking_ori_grab_s2_cubesmall_inspect_1_nf_300_obs_pure_state_wref_wdelta_density_500.0_trans_0.5_rot_0.5_goalcond_False__18-01-17-13/nn/tracking_ori_grab_s2_cubesmall_inspect_1_nf_300_obs_pure_state_wref_wdelta_density_500.0_trans_0.5_rot_0.5_goalcond_False_.pth'
fps step: 9921 fps step and policy inference: 9744 fps total: 7871 epoch: 433/474 frames: 231634944
mean_rewards:  [-69.93] last_mean_rewards:  -67.66763
PEN-REWARD last200: depth mean 0.68 mm, frac>2mm 0.06, grip_x mean 101, term mean 0.681
fps step: 10012 fps step and policy inference: 9839 fps total: 7927 epoch: 434/474 frames: 231667712
mean_rewards:  [-62.6] last_mean_rewards:  -67.66763
saving next best rewards:  [-62.6]
getting weights with keys: dict_keys(['scaler', 'model'])
=> saving checkpoint './logs/dense_cube_w1000_sdf/tracking_ori_grab_s2_cubesmall_inspect_1_nf_300_obs_pure_state_wref_wdelta_density_500.0_trans_0.5_rot_0.5_goalcond_False__18-01-17-13/nn/tracking_ori_grab_s2_cubesmall_inspect_1_nf_300_obs_pure_state_wref_wdelta_density_500.0_trans_0.5_rot_0.5_goalcond_False_.pth'
fps step: 9931 fps step and policy inference: 9746 fps total: 7868 epoch: 435/474 frames: 231700480
mean_rewards:  [-61.75] last_mean_rewards:  -62.60417
saving next best rewards:  [-61.75]
getting weights with keys: dict_keys(['scaler', 'model'])
=> saving checkpoint './logs/dense_cube_w1000_sdf/tracking_ori_grab_s2_cubesmall_inspect_1_nf_300_obs_pure_state_wref_wdelta_density_500.0_trans_0.5_rot_0.5_goalcond_False__18-01-17-13/nn/tracking_ori_grab_s2_cubesmall_inspect_1_nf_300_obs_pure_state_wref_wdelta_density_500.0_trans_0.5_rot_0.5_goalcond_False_.pth'
fps step: 10082 fps step and policy inference: 9899 fps total: 7967 epoch: 436/474 frames: 231733248
mean_rewards:  [-56.44] last_mean_rewards:  -61.746384
saving next best rewards:  [-56.44]
getting weights with keys: dict_keys(['scaler', 'model'])
=> saving checkpoint './logs/dense_cube_w1000_sdf/tracking_ori_grab_s2_cubesmall_inspect_1_nf_300_obs_pure_state_wref_wdelta_density_500.0_trans_0.5_rot_0.5_goalcond_False__18-01-17-13/nn/tracking_ori_grab_s2_cubesmall_inspect_1_nf_300_obs_pure_state_wref_wdelta_density_500.0_trans_0.5_rot_0.5_goalcond_False_.pth'
PEN-REWARD last200: depth mean 0.66 mm, frac>2mm 0.05, grip_x mean 102, term mean 0.663
fps step: 10059 fps step and policy inference: 9877 fps total: 7949 epoch: 437/474 frames: 231766016
mean_rewards:  [-61.97] last_mean_rewards:  -56.44406
fps step: 10038 fps step and policy inference: 9855 fps total: 7939 epoch: 438/474 frames: 231798784
mean_rewards:  [-66.87] last_mean_rewards:  -56.44406
fps step: 9893 fps step and policy inference: 9714 fps total: 7839 epoch: 439/474 frames: 231831552
mean_rewards:  [-61.6] last_mean_rewards:  -56.44406
PEN-REWARD last200: depth mean 0.66 mm, frac>2mm 0.05, grip_x mean 101, term mean 0.660
fps step: 10039 fps step and policy inference: 9861 fps total: 7943 epoch: 440/474 frames: 231864320
mean_rewards:  [-58.47] last_mean_rewards:  -56.44406
fps step: 10000 fps step and policy inference: 9801 fps total: 7904 epoch: 441/474 frames: 231897088
mean_rewards:  [-58.64] last_mean_rewards:  -56.44406
fps step: 10026 fps step and policy inference: 9830 fps total: 7920 epoch: 442/474 frames: 231929856
mean_rewards:  [-44.14] last_mean_rewards:  -56.44406
saving next best rewards:  [-44.14]
getting weights with keys: dict_keys(['scaler', 'model'])
=> saving checkpoint './logs/dense_cube_w1000_sdf/tracking_ori_grab_s2_cubesmall_inspect_1_nf_300_obs_pure_state_wref_wdelta_density_500.0_trans_0.5_rot_0.5_goalcond_False__18-01-17-13/nn/tracking_ori_grab_s2_cubesmall_inspect_1_nf_300_obs_pure_state_wref_wdelta_density_500.0_trans_0.5_rot_0.5_goalcond_False_.pth'
PEN-REWARD last200: depth mean 0.62 mm, frac>2mm 0.04, grip_x mean 99, term mean 0.622
fps step: 9990 fps step and policy inference: 9794 fps total: 7902 epoch: 443/474 frames: 231962624
mean_rewards:  [-48.39] last_mean_rewards:  -44.140327
fps step: 10037 fps step and policy inference: 9856 fps total: 7935 epoch: 444/474 frames: 231995392
mean_rewards:  [-44.38] last_mean_rewards:  -44.140327
fps step: 10015 fps step and policy inference: 9817 fps total: 7915 epoch: 445/474 frames: 232028160
mean_rewards:  [-40.14] last_mean_rewards:  -44.140327
saving next best rewards:  [-40.14]
getting weights with keys: dict_keys(['scaler', 'model'])
=> saving checkpoint './logs/dense_cube_w1000_sdf/tracking_ori_grab_s2_cubesmall_inspect_1_nf_300_obs_pure_state_wref_wdelta_density_500.0_trans_0.5_rot_0.5_goalcond_False__18-01-17-13/nn/tracking_ori_grab_s2_cubesmall_inspect_1_nf_300_obs_pure_state_wref_wdelta_density_500.0_trans_0.5_rot_0.5_goalcond_False_.pth'
PEN-REWARD last200: depth mean 0.61 mm, frac>2mm 0.04, grip_x mean 92, term mean 0.605
fps step: 9956 fps step and policy inference: 9776 fps total: 7856 epoch: 446/474 frames: 232060928
mean_rewards:  [-53.45] last_mean_rewards:  -40.138653
fps step: 9992 fps step and policy inference: 9813 fps total: 7886 epoch: 447/474 frames: 232093696
mean_rewards:  [-35.75] last_mean_rewards:  -40.138653
saving next best rewards:  [-35.75]
getting weights with keys: dict_keys(['scaler', 'model'])
=> saving checkpoint './logs/dense_cube_w1000_sdf/tracking_ori_grab_s2_cubesmall_inspect_1_nf_300_obs_pure_state_wref_wdelta_density_500.0_trans_0.5_rot_0.5_goalcond_False__18-01-17-13/nn/tracking_ori_grab_s2_cubesmall_inspect_1_nf_300_obs_pure_state_wref_wdelta_density_500.0_trans_0.5_rot_0.5_goalcond_False_.pth'
fps step: 10020 fps step and policy inference: 9842 fps total: 7909 epoch: 448/474 frames: 232126464
mean_rewards:  [-42.91] last_mean_rewards:  -35.752747
PEN-REWARD last200: depth mean 0.58 mm, frac>2mm 0.04, grip_x mean 89, term mean 0.582
fps step: 9992 fps step and policy inference: 9814 fps total: 7883 epoch: 449/474 frames: 232159232
mean_rewards:  [-41.85] last_mean_rewards:  -35.752747
fps step: 9967 fps step and policy inference: 9778 fps total: 7877 epoch: 450/474 frames: 232192000
mean_rewards:  [-32.93] last_mean_rewards:  -35.752747
saving next best rewards:  [-32.93]
getting weights with keys: dict_keys(['scaler', 'model'])
=> saving checkpoint './logs/dense_cube_w1000_sdf/tracking_ori_grab_s2_cubesmall_inspect_1_nf_300_obs_pure_state_wref_wdelta_density_500.0_trans_0.5_rot_0.5_goalcond_False__18-01-17-13/nn/tracking_ori_grab_s2_cubesmall_inspect_1_nf_300_obs_pure_state_wref_wdelta_density_500.0_trans_0.5_rot_0.5_goalcond_False_.pth'
fps step: 9990 fps step and policy inference: 9804 fps total: 7902 epoch: 451/474 frames: 232224768
mean_rewards:  [-27.95] last_mean_rewards:  -32.930897
saving next best rewards:  [-27.95]
getting weights with keys: dict_keys(['scaler', 'model'])
=> saving checkpoint './logs/dense_cube_w1000_sdf/tracking_ori_grab_s2_cubesmall_inspect_1_nf_300_obs_pure_state_wref_wdelta_density_500.0_trans_0.5_rot_0.5_goalcond_False__18-01-17-13/nn/tracking_ori_grab_s2_cubesmall_inspect_1_nf_300_obs_pure_state_wref_wdelta_density_500.0_trans_0.5_rot_0.5_goalcond_False_.pth'
fps step: 9951 fps step and policy inference: 9763 fps total: 7877 epoch: 452/474 frames: 232257536
mean_rewards:  [-30.06] last_mean_rewards:  -27.948635
PEN-REWARD last200: depth mean 0.55 mm, frac>2mm 0.03, grip_x mean 84, term mean 0.551
fps step: 10023 fps step and policy inference: 9843 fps total: 7930 epoch: 453/474 frames: 232290304
mean_rewards:  [-27.41] last_mean_rewards:  -27.948635
saving next best rewards:  [-27.41]
getting weights with keys: dict_keys(['scaler', 'model'])
=> saving checkpoint './logs/dense_cube_w1000_sdf/tracking_ori_grab_s2_cubesmall_inspect_1_nf_300_obs_pure_state_wref_wdelta_density_500.0_trans_0.5_rot_0.5_goalcond_False__18-01-17-13/nn/tracking_ori_grab_s2_cubesmall_inspect_1_nf_300_obs_pure_state_wref_wdelta_density_500.0_trans_0.5_rot_0.5_goalcond_False_.pth'
fps step: 10066 fps step and policy inference: 9886 fps total: 7953 epoch: 454/474 frames: 232323072
mean_rewards:  [-33.45] last_mean_rewards:  -27.405224
fps step: 10036 fps step and policy inference: 9856 fps total: 7932 epoch: 455/474 frames: 232355840
mean_rewards:  [-27.41] last_mean_rewards:  -27.405224
PEN-REWARD last200: depth mean 0.56 mm, frac>2mm 0.04, grip_x mean 83, term mean 0.555
fps step: 10083 fps step and policy inference: 9913 fps total: 7841 epoch: 456/474 frames: 232388608
mean_rewards:  [-26.17] last_mean_rewards:  -27.405224
saving next best rewards:  [-26.17]
getting weights with keys: dict_keys(['scaler', 'model'])
=> saving checkpoint './logs/dense_cube_w1000_sdf/tracking_ori_grab_s2_cubesmall_inspect_1_nf_300_obs_pure_state_wref_wdelta_density_500.0_trans_0.5_rot_0.5_goalcond_False__18-01-17-13/nn/tracking_ori_grab_s2_cubesmall_inspect_1_nf_300_obs_pure_state_wref_wdelta_density_500.0_trans_0.5_rot_0.5_goalcond_False_.pth'
fps step: 10158 fps step and policy inference: 9986 fps total: 7858 epoch: 457/474 frames: 232421376
mean_rewards:  [-17.62] last_mean_rewards:  -26.171135
saving next best rewards:  [-17.62]
getting weights with keys: dict_keys(['scaler', 'model'])
=> saving checkpoint './logs/dense_cube_w1000_sdf/tracking_ori_grab_s2_cubesmall_inspect_1_nf_300_obs_pure_state_wref_wdelta_density_500.0_trans_0.5_rot_0.5_goalcond_False__18-01-17-13/nn/tracking_ori_grab_s2_cubesmall_inspect_1_nf_300_obs_pure_state_wref_wdelta_density_500.0_trans_0.5_rot_0.5_goalcond_False_.pth'
fps step: 10173 fps step and policy inference: 10003 fps total: 7908 epoch: 458/474 frames: 232454144
mean_rewards:  [-15.58] last_mean_rewards:  -17.615631
saving next best rewards:  [-15.58]
getting weights with keys: dict_keys(['scaler', 'model'])
=> saving checkpoint './logs/dense_cube_w1000_sdf/tracking_ori_grab_s2_cubesmall_inspect_1_nf_300_obs_pure_state_wref_wdelta_density_500.0_trans_0.5_rot_0.5_goalcond_False__18-01-17-13/nn/tracking_ori_grab_s2_cubesmall_inspect_1_nf_300_obs_pure_state_wref_wdelta_density_500.0_trans_0.5_rot_0.5_goalcond_False_.pth'
PEN-REWARD last200: depth mean 0.53 mm, frac>2mm 0.03, grip_x mean 78, term mean 0.534
fps step: 10231 fps step and policy inference: 10058 fps total: 7935 epoch: 459/474 frames: 232486912
mean_rewards:  [-16.3] last_mean_rewards:  -15.584731
fps step: 10136 fps step and policy inference: 9951 fps total: 7872 epoch: 460/474 frames: 232519680
mean_rewards:  [-15.41] last_mean_rewards:  -15.584731
saving next best rewards:  [-15.41]
getting weights with keys: dict_keys(['scaler', 'model'])
=> saving checkpoint './logs/dense_cube_w1000_sdf/tracking_ori_grab_s2_cubesmall_inspect_1_nf_300_obs_pure_state_wref_wdelta_density_500.0_trans_0.5_rot_0.5_goalcond_False__18-01-17-13/nn/tracking_ori_grab_s2_cubesmall_inspect_1_nf_300_obs_pure_state_wref_wdelta_density_500.0_trans_0.5_rot_0.5_goalcond_False_.pth'
fps step: 10112 fps step and policy inference: 9928 fps total: 7849 epoch: 461/474 frames: 232552448
mean_rewards:  [-16.67] last_mean_rewards:  -15.409441
PEN-REWARD last200: depth mean 0.50 mm, frac>2mm 0.03, grip_x mean 78, term mean 0.504
fps step: 10128 fps step and policy inference: 9943 fps total: 7863 epoch: 462/474 frames: 232585216
mean_rewards:  [-27.75] last_mean_rewards:  -15.409441
fps step: 9985 fps step and policy inference: 9789 fps total: 7777 epoch: 463/474 frames: 232617984
mean_rewards:  [-6.17] last_mean_rewards:  -15.409441
saving next best rewards:  [-6.17]
getting weights with keys: dict_keys(['scaler', 'model'])
=> saving checkpoint './logs/dense_cube_w1000_sdf/tracking_ori_grab_s2_cubesmall_inspect_1_nf_300_obs_pure_state_wref_wdelta_density_500.0_trans_0.5_rot_0.5_goalcond_False__18-01-17-13/nn/tracking_ori_grab_s2_cubesmall_inspect_1_nf_300_obs_pure_state_wref_wdelta_density_500.0_trans_0.5_rot_0.5_goalcond_False_.pth'
fps step: 10108 fps step and policy inference: 9914 fps total: 7838 epoch: 464/474 frames: 232650752
mean_rewards:  [-8.74] last_mean_rewards:  -6.1725745
PEN-REWARD last200: depth mean 0.50 mm, frac>2mm 0.03, grip_x mean 76, term mean 0.496
fps step: 10011 fps step and policy inference: 9815 fps total: 7784 epoch: 465/474 frames: 232683520
mean_rewards:  [-9.91] last_mean_rewards:  -6.1725745
fps step: 10012 fps step and policy inference: 9843 fps total: 7779 epoch: 466/474 frames: 232716288
mean_rewards:  [-3.49] last_mean_rewards:  -6.1725745
saving next best rewards:  [-3.49]
getting weights with keys: dict_keys(['scaler', 'model'])
=> saving checkpoint './logs/dense_cube_w1000_sdf/tracking_ori_grab_s2_cubesmall_inspect_1_nf_300_obs_pure_state_wref_wdelta_density_500.0_trans_0.5_rot_0.5_goalcond_False__18-01-17-13/nn/tracking_ori_grab_s2_cubesmall_inspect_1_nf_300_obs_pure_state_wref_wdelta_density_500.0_trans_0.5_rot_0.5_goalcond_False_.pth'
fps step: 10053 fps step and policy inference: 9854 fps total: 7820 epoch: 467/474 frames: 232749056
mean_rewards:  [-5.14] last_mean_rewards:  -3.48803
PEN-REWARD last200: depth mean 0.48 mm, frac>2mm 0.03, grip_x mean 73, term mean 0.481
fps step: 10050 fps step and policy inference: 9850 fps total: 7820 epoch: 468/474 frames: 232781824
mean_rewards:  [-0.04] last_mean_rewards:  -3.48803
saving next best rewards:  [-0.04]
getting weights with keys: dict_keys(['scaler', 'model'])
=> saving checkpoint './logs/dense_cube_w1000_sdf/tracking_ori_grab_s2_cubesmall_inspect_1_nf_300_obs_pure_state_wref_wdelta_density_500.0_trans_0.5_rot_0.5_goalcond_False__18-01-17-13/nn/tracking_ori_grab_s2_cubesmall_inspect_1_nf_300_obs_pure_state_wref_wdelta_density_500.0_trans_0.5_rot_0.5_goalcond_False_.pth'
fps step: 9902 fps step and policy inference: 9705 fps total: 7731 epoch: 469/474 frames: 232814592
mean_rewards:  [2.49] last_mean_rewards:  -0.044207457
saving next best rewards:  [2.49]
getting weights with keys: dict_keys(['scaler', 'model'])
=> saving checkpoint './logs/dense_cube_w1000_sdf/tracking_ori_grab_s2_cubesmall_inspect_1_nf_300_obs_pure_state_wref_wdelta_density_500.0_trans_0.5_rot_0.5_goalcond_False__18-01-17-13/nn/tracking_ori_grab_s2_cubesmall_inspect_1_nf_300_obs_pure_state_wref_wdelta_density_500.0_trans_0.5_rot_0.5_goalcond_False_.pth'
fps step: 10037 fps step and policy inference: 9842 fps total: 7812 epoch: 470/474 frames: 232847360
mean_rewards:  [9.09] last_mean_rewards:  2.494284
saving next best rewards:  [9.09]
getting weights with keys: dict_keys(['scaler', 'model'])
=> saving checkpoint './logs/dense_cube_w1000_sdf/tracking_ori_grab_s2_cubesmall_inspect_1_nf_300_obs_pure_state_wref_wdelta_density_500.0_trans_0.5_rot_0.5_goalcond_False__18-01-17-13/nn/tracking_ori_grab_s2_cubesmall_inspect_1_nf_300_obs_pure_state_wref_wdelta_density_500.0_trans_0.5_rot_0.5_goalcond_False_.pth'
PEN-REWARD last200: depth mean 0.46 mm, frac>2mm 0.02, grip_x mean 70, term mean 0.458
fps step: 10043 fps step and policy inference: 9851 fps total: 7820 epoch: 471/474 frames: 232880128
mean_rewards:  [2.39] last_mean_rewards:  9.087546
fps step: 10046 fps step and policy inference: 9874 fps total: 7844 epoch: 472/474 frames: 232912896
mean_rewards:  [2.3] last_mean_rewards:  9.087546
fps step: 10153 fps step and policy inference: 9986 fps total: 7910 epoch: 473/474 frames: 232945664
mean_rewards:  [6.02] last_mean_rewards:  9.087546
PEN-REWARD last200: depth mean 0.46 mm, frac>2mm 0.02, grip_x mean 71, term mean 0.459
/workspace/dextrack-venv/lib/python3.8/site-packages/hydra/_internal/hydra.py:119: UserWarning: Future Hydra versions will no longer change working directory at job runtime by default.
See https://hydra.cc/docs/1.2/upgrades/1.1_to_1.2/changes_to_job_working_dir/ for more information.
  ret = run_job(
/workspace/dextrack-venv/lib/python3.8/site-packages/gym/spaces/box.py:84: UserWarning: [33mWARN: Box bound precision lowered by casting to float32[0m
  logger.warn(f"Box bound precision lowered by casting to {self.dtype}")
/workspace/DexTrack/isaacgymenvs/tasks/allegro_hand_tracking_generalist.py:4684: DeprecationWarning: an integer is required (got type isaacgym._bindings.linux-x86_64.gym_38.DofDriveMode).  Implicit conversion to integers using __int__ is deprecated, and may be removed in a future version of Python.
  asset_options.default_dof_drive_mode = gymapi.DOF_MODE_POS
/workspace/dextrack-venv/lib/python3.8/site-packages/rl_games/common/a2c_common.py:254: FutureWarning: `torch.cuda.amp.GradScaler(args...)` is deprecated. Please use `torch.amp.GradScaler('cuda', args...)` instead.
  self.scaler = torch.cuda.amp.GradScaler(enabled=self.mixed_precision)
/workspace/dextrack-venv/lib/python3.8/site-packages/rl_games/algos_torch/torch_ext.py:62: FutureWarning: You are using `torch.load` with `weights_only=False` (the current default value), which uses the default pickle module implicitly. It is possible to construct malicious pickle data which will execute arbitrary code during unpickling (See https://github.com/pytorch/pytorch/blob/main/SECURITY.md#untrusted-models for more details). In a future release, the default value for `weights_only` will be flipped to `True`. This limits the functions that could be executed during unpickling. Arbitrary objects will no longer be allowed to be loaded via this mode unless they are explicitly allowlisted by the user via `torch.serialization.add_safe_globals`. We recommend you start setting `weights_only=True` for any use case where you don't have full control of the loaded file. Please open an issue on GitHub for any issues related to this experimental feature.
  return func(*args, **kwargs)
/workspace/DexTrack/isaacgymenvs/learning/a2c_supervised.py:3261: FutureWarning: `torch.cuda.amp.autocast(args...)` is deprecated. Please use `torch.amp.autocast('cuda', args...)` instead.
  with torch.cuda.amp.autocast(enabled=self.mixed_precision):
fps step: 10088 fps step and policy inference: 9919 fps total: 7868 epoch: 474/474 frames: 232978432
mean_rewards:  [12.] last_mean_rewards:  9.087546
saving next best rewards:  [12.]
getting weights with keys: dict_keys(['scaler', 'model'])
=> saving checkpoint './logs/dense_cube_w1000_sdf/tracking_ori_grab_s2_cubesmall_inspect_1_nf_300_obs_pure_state_wref_wdelta_density_500.0_trans_0.5_rot_0.5_goalcond_False__18-01-17-13/nn/tracking_ori_grab_s2_cubesmall_inspect_1_nf_300_obs_pure_state_wref_wdelta_density_500.0_trans_0.5_rot_0.5_goalcond_False_.pth'
getting weights with keys: dict_keys(['scaler', 'model'])
=> saving checkpoint './logs/dense_cube_w1000_sdf/tracking_ori_grab_s2_cubesmall_inspect_1_nf_300_obs_pure_state_wref_wdelta_density_500.0_trans_0.5_rot_0.5_goalcond_False__18-01-17-13/nn/last_tracking_ori_grab_s2_cubesmall_inspect_1_nf_300_obs_pure_state_wref_wdelta_density_500.0_trans_0.5_rot_0.5_goalcond_False__ep_474_rew__12._.pth'
MAX EPOCHS NUM!
Using VHACD cache directory '/root/.isaacgym/vhacd'
Started convex decomposition for mesh '../assets/meshdatav3_scaled/sem/ori_grab_s2_cubesmall_inspect_1/coacd/decomposed.obj'
Finished convex decomposition for mesh '../assets/meshdatav3_scaled/sem/ori_grab_s2_cubesmall_inspect_1/coacd/decomposed.obj': 1 hulls
